 testaddon

 Timestamp is 5ce05f5d (Sat May 18 20:39:09 2019)

 Preferred load address is 10000000

 Start         Length     Name                   Class
 0001:00000000 00000030H .text$di                CODE
 0001:00000030 0000cf10H .text$mn                CODE
 0001:0000cf37 00000000H .text$x                 CODE
 0001:0000cf40 0000002dH .text$yd                CODE
 0002:00000000 00000118H .idata$5                DATA
 0002:00000118 00000004H .00cfg                  DATA
 0002:0000011c 00000004H .CRT$XCA                DATA
 0002:00000120 00000008H .CRT$XCU                DATA
 0002:00000128 00000004H .CRT$XCZ                DATA
 0002:0000012c 00000004H .CRT$XIA                DATA
 0002:00000130 0000000cH .CRT$XIC                DATA
 0002:0000013c 00000004H .CRT$XIZ                DATA
 0002:00000140 00000004H .CRT$XPA                DATA
 0002:00000144 00000008H .CRT$XPX                DATA
 0002:0000014c 00000004H .CRT$XPXA               DATA
 0002:00000150 00000004H .CRT$XPZ                DATA
 0002:00000154 00000004H .CRT$XTA                DATA
 0002:00000158 00000008H .CRT$XTZ                DATA
 0002:0000015c 00000000H .gfids$y                DATA
 0002:00000160 00004d40H .rdata                  DATA
 0002:00004ea0 00000130H .rdata$r                DATA
 0002:00004fd0 0000000cH .rdata$sxdata           DATA
 0002:00004fdc 000003acH .rdata$zzzdbg           DATA
 0002:00005388 00000004H .rtc$IAA                DATA
 0002:0000538c 00000004H .rtc$IZZ                DATA
 0002:00005390 00000004H .rtc$TAA                DATA
 0002:00005394 00000004H .rtc$TZZ                DATA
 0002:00005398 0000046cH .xdata$x                DATA
 0002:00005804 00000020H .didat$2                DATA
 0002:00005824 00000020H .didat$3                DATA
 0002:00005844 00000070H .didat$4                DATA
 0002:000058b4 0000026cH .didat$6                DATA
 0002:00005b20 00000070H .didat$7                DATA
 0002:00005b90 00000058H .edata                  DATA
 0002:00005be8 00000014H .idata$2                DATA
 0002:00005bfc 00000014H .idata$3                DATA
 0002:00005c10 00000118H .idata$4                DATA
 0002:00005d28 00000506H .idata$6                DATA
 0003:00000000 00000888H .data                   DATA
 0003:00000888 00000078H .data$r                 DATA
 0003:00000900 00000070H .didat$5                DATA
 0003:00000970 00000a50H .bss                    DATA
 0004:00000000 00000060H .rsrc$01                DATA
 0004:00000060 00000180H .rsrc$02                DATA

  Address         Publics by Value              Rva+Base       Lib:Object

 0000:00000000       ___guard_longjmp_count     00000000     <absolute>
 0000:00000000       ___guard_iat_count         00000000     <absolute>
 0000:00000000       __except_list              00000000     <absolute>
 0000:00000000       ___guard_fids_count        00000000     <absolute>
 0000:00000000       ___guard_longjmp_table     00000000     <absolute>
 0000:00000000       ___hybrid_code_map_count   00000000     <absolute>
 0000:00000000       ___hybrid_auxiliary_iat    00000000     <absolute>
 0000:00000000       ___dynamic_value_reloc_table 00000000     <absolute>
 0000:00000000       ___guard_fids_table        00000000     <absolute>
 0000:00000000       ___volatile_metadata       00000000     <absolute>
 0000:00000000       ___guard_iat_table         00000000     <absolute>
 0000:00000000       ___enclave_config          00000000     <absolute>
 0000:00000000       ___hybrid_code_map         00000000     <absolute>
 0000:00000003       ___safe_se_handler_count   00000003     <absolute>
 0000:00000100       ___guard_flags             00000100     <absolute>
 0000:00000000       ___ImageBase               10000000     <linker-defined>
 0001:00000030       ?InitAll@@YA?AVObject@Napi@@VEnv@2@V12@@Z 10001030 f   main.obj
 0001:000001a0       ?__napi_InitAll@@YAPAUnapi_value__@@PAUnapi_env__@@PAU1@@Z 100011a0 f   main.obj
 0001:000001e0       ??1Error@Napi@@QAE@XZ      100011e0 f i functionexample.obj
 0001:00000250       ?Undefined@Env@Napi@@QBE?AVValue@2@XZ 10001250 f i functionexample.obj
 0001:000002e0       ?New@Error@Napi@@SA?AV12@PAUnapi_env__@@@Z 100012e0 f i functionexample.obj
 0001:000004a0       ?ThrowAsJavaScriptException@Error@Napi@@QBEXXZ 100014a0 f i functionexample.obj
 0001:00000580       ?New@TypeError@Napi@@SA?AV12@PAUnapi_env__@@PBD@Z 10001580 f i functionexample.obj
 0001:00000690       ??0CallbackInfo@Napi@@QAE@PAUnapi_env__@@PAUnapi_callback_info__@@@Z 10001690 f i functionexample.obj
 0001:00000760       ?HelloWrapped@functionexample@@YA?AVString@Napi@@ABVCallbackInfo@3@@Z 10001760 f   functionexample.obj
 0001:00000850       ?AddWrapped@functionexample@@YA?AVNumber@Napi@@ABVCallbackInfo@3@@Z 10001850 f   functionexample.obj
 0001:00000ab0       ?Wrapper@?$CallbackData@P6A?AVString@Napi@@ABVCallbackInfo@2@@ZV12@@details@Napi@@SAPAUnapi_value__@@PAUnapi_env__@@PAUnapi_callback_info__@@@Z 10001ab0 f i functionexample.obj
 0001:00000ab0       ?Wrapper@?$CallbackData@P6A?AVNumber@Napi@@ABVCallbackInfo@2@@ZV12@@details@Napi@@SAPAUnapi_value__@@PAUnapi_env__@@PAUnapi_callback_info__@@@Z 10001ab0 f i functionexample.obj
 0001:00000b00       ?DoubleValue@Number@Napi@@QBENXZ 10001b00 f i classexample.obj
 0001:00000b70       ?Init@ClassExample@@SA?AVObject@Napi@@VEnv@3@V23@@Z 10001b70 f   classexample.obj
 0001:00000e10       ??0ClassExample@@QAE@ABVCallbackInfo@Napi@@@Z 10001e10 f   classexample.obj
 0001:000010c0       ?GetValue@ClassExample@@AAE?AVValue@Napi@@ABVCallbackInfo@3@@Z 100020c0 f   classexample.obj
 0001:00001190       ?Add@ClassExample@@AAE?AVValue@Napi@@ABVCallbackInfo@3@@Z 10002190 f   classexample.obj
 0001:00001350       ?ConstructorCallbackWrapper@?$ObjectWrap@VClassExample@@@Napi@@CAPAUnapi_value__@@PAUnapi_env__@@PAUnapi_callback_info__@@@Z 10002350 f i classexample.obj
 0001:00001400       ?InstanceMethodCallbackWrapper@?$ObjectWrap@VClassExample@@@Napi@@CAPAUnapi_value__@@PAUnapi_env__@@PAUnapi_callback_info__@@@Z 10002400 f i classexample.obj
 0001:000014d0       ?FinalizeCallback@?$ObjectWrap@VClassExample@@@Napi@@CAXPAUnapi_env__@@PAX1@Z 100024d0 f i classexample.obj
 0001:00001556       __imp_load__napi_module_register 10002556 f   node:node.exe
 0001:00001560       __tailMerge_node_exe       10002560     node:node.exe
 0001:00001571       __imp_load__napi_create_function 10002571 f   node:node.exe
 0001:0000157b       __imp_load__napi_open_handle_scope 1000257b f   node:node.exe
 0001:00001585       __imp_load__napi_get_last_error_info 10002585 f   node:node.exe
 0001:0000158f       __imp_load__napi_create_error 1000258f f   node:node.exe
 0001:00001599       __imp_load__napi_delete_reference 10002599 f   node:node.exe
 0001:000015a3       __imp_load__napi_fatal_error 100025a3 f   node:node.exe
 0001:000015ad       __imp_load__napi_is_exception_pending 100025ad f   node:node.exe
 0001:000015b7       __imp_load__napi_create_type_error 100025b7 f   node:node.exe
 0001:000015c1       __imp_load__napi_create_string_utf8 100025c1 f   node:node.exe
 0001:000015cb       __imp_load__napi_set_named_property 100025cb f   node:node.exe
 0001:000015d5       __imp_load__napi_typeof    100025d5 f   node:node.exe
 0001:000015df       __imp_load__napi_throw     100025df f   node:node.exe
 0001:000015e9       __imp_load__napi_get_value_int32 100025e9 f   node:node.exe
 0001:000015f3       __imp_load__napi_get_and_clear_last_exception 100025f3 f   node:node.exe
 0001:000015fd       __imp_load__napi_get_undefined 100025fd f   node:node.exe
 0001:00001607       __imp_load__napi_get_cb_info 10002607 f   node:node.exe
 0001:00001611       __imp_load__napi_create_reference 10002611 f   node:node.exe
 0001:0000161b       __imp_load__napi_close_handle_scope 1000261b f   node:node.exe
 0001:00001625       __imp_load__napi_create_double 10002625 f   node:node.exe
 0001:0000162f       __imp_load__napi_get_reference_value 1000262f f   node:node.exe
 0001:00001639       __imp_load__napi_unwrap    10002639 f   node:node.exe
 0001:00001643       __imp_load__napi_wrap      10002643 f   node:node.exe
 0001:0000164d       __imp_load__napi_define_class 1000264d f   node:node.exe
 0001:00001657       __imp_load__napi_get_new_target 10002657 f   node:node.exe
 0001:00001661       __imp_load__napi_get_value_double 10002661 f   node:node.exe
 0001:0000166b       __imp_load__napi_throw_type_error 1000266b f   node:node.exe
 0001:00001675       ??0bad_alloc@std@@QAE@ABV01@@Z 10002675 f i libcpmt:xthrow.obj
 0001:00001690       ??0bad_alloc@std@@QAE@XZ   10002690 f i libcpmt:xthrow.obj
 0001:000016a8       ??0exception@std@@QAE@ABV01@@Z 100026a8 f i libcpmt:xthrow.obj
 0001:000016d4       ??1bad_array_new_length@std@@UAE@XZ 100026d4 f i LIBCMT:throw_bad_alloc.obj
 0001:000016d4       ??1bad_alloc@std@@UAE@XZ   100026d4 f i libcpmt:xthrow.obj
 0001:000016e5       ??_Gbad_alloc@std@@UAEPAXI@Z 100026e5 f i libcpmt:xthrow.obj
 0001:000016e5       ??_Eexception@std@@UAEPAXI@Z 100026e5 f i libcpmt:xthrow.obj
 0001:000016e5       ??_Gexception@std@@UAEPAXI@Z 100026e5 f i libcpmt:xthrow.obj
 0001:000016e5       ??_Ebad_array_new_length@std@@UAEPAXI@Z 100026e5 f i LIBCMT:throw_bad_alloc.obj
 0001:000016e5       ??_Gbad_array_new_length@std@@UAEPAXI@Z 100026e5 f i LIBCMT:throw_bad_alloc.obj
 0001:000016e5       ??_Ebad_alloc@std@@UAEPAXI@Z 100026e5 f i libcpmt:xthrow.obj
 0001:00001712       ?what@exception@std@@UBEPBDXZ 10002712 f i libcpmt:xthrow.obj
 0001:0000171f       @__security_check_cookie@4 1000271f f   LIBCMT:secchk.obj
 0001:00001730       ??_V@YAXPAX@Z              10002730 f   LIBCMT:delete_array.obj
 0001:00001735       ??2@YAPAXI@Z               10002735 f   LIBCMT:new_scalar.obj
 0001:00001765       ??3@YAXPAXI@Z              10002765 f   LIBCMT:delete_scalar_size.obj
 0001:00001773       ??_U@YAPAXI@Z              10002773 f   LIBCMT:new_array.obj
 0001:0000177c       ??$__crt_fast_encode_pointer@PAP6AXXZ@@YAPAP6AXXZQAP6AXXZ@Z 1000277c f i LIBCMT:utility.obj
 0001:0000177c       ??$__crt_fast_encode_pointer@PAX@@YAPAXQAX@Z 1000277c f i libvcruntime:winapi_downlevel.obj
 0001:000017dd       ___scrt_acquire_startup_lock 100027dd f   LIBCMT:utility.obj
 0001:0000180f       ___scrt_dllmain_after_initialize_c 1000280f f   LIBCMT:utility.obj
 0001:0000183a       ___scrt_dllmain_before_initialize_c 1000283a f   LIBCMT:utility.obj
 0001:00001848       ___scrt_dllmain_crt_thread_attach 10002848 f   LIBCMT:utility.obj
 0001:00001867       ___scrt_dllmain_crt_thread_detach 10002867 f   LIBCMT:utility.obj
 0001:00001874       ___scrt_dllmain_exception_filter 10002874 f   LIBCMT:utility.obj
 0001:000018a8       ___scrt_dllmain_uninitialize_c 100028a8 f   LIBCMT:utility.obj
 0001:000018cb       ___scrt_dllmain_uninitialize_critical 100028cb f   LIBCMT:utility.obj
 0001:000018d8       ___scrt_initialize_crt     100028d8 f   LIBCMT:utility.obj
 0001:00001911       ___scrt_initialize_onexit_tables 10002911 f   LIBCMT:utility.obj
 0001:000019b6       ___scrt_is_nonwritable_in_current_image 100029b6 f   LIBCMT:utility.obj
 0001:00001a4a       ___scrt_release_startup_lock 10002a4a f   LIBCMT:utility.obj
 0001:00001a67       ___scrt_uninitialize_crt   10002a67 f   LIBCMT:utility.obj
 0001:00001a8f       __onexit                   10002a8f f   LIBCMT:utility.obj
 0001:00001aca       _atexit                    10002aca f   LIBCMT:utility.obj
 0001:00001dff       __DllMainCRTStartup@12     10002dff f   LIBCMT:dll_dllmain.obj
 0001:00001e22       ??_Gtype_info@@UAEPAXI@Z   10002e22 f i LIBCMT:std_type_info_static.obj
 0001:00001e22       ??_Etype_info@@UAEPAXI@Z   10002e22 f i LIBCMT:std_type_info_static.obj
 0001:00001e45       ___raise_securityfailure   10002e45 f   LIBCMT:gs_report.obj
 0001:00001e6d       ___report_gsfailure        10002e6d f   LIBCMT:gs_report.obj
 0001:00001f66       ??3@YAXPAX@Z               10002f66 f   LIBCMT:delete_scalar.obj
 0001:00001f6b       ??0bad_array_new_length@std@@QAE@ABV01@@Z 10002f6b f i LIBCMT:throw_bad_alloc.obj
 0001:00001f86       ??0bad_array_new_length@std@@QAE@XZ 10002f86 f i LIBCMT:throw_bad_alloc.obj
 0001:00001f9e       ?__scrt_throw_std_bad_alloc@@YAXXZ 10002f9e f   LIBCMT:throw_bad_alloc.obj
 0001:00001fbb       ?__scrt_throw_std_bad_array_new_length@@YAXXZ 10002fbb f   LIBCMT:throw_bad_alloc.obj
 0001:00001fd8       ___isa_available_init      10002fd8 f   LIBCMT:cpu_disp.obj
 0001:0000216f       __get_startup_argv_mode    1000316f f   LIBCMT:argv_mode.obj
 0001:00002173       ___scrt_is_ucrt_dll_in_use 10003173 f   LIBCMT:ucrt_detection.obj
 0001:0000217f       ___scrt_fastfail           1000317f f   LIBCMT:utility_desktop.obj
 0001:00002299       __crt_debugger_hook        10003299 f   LIBCMT:utility_desktop.obj
 0001:000022b0       __SEH_prolog4              100032b0 f   LIBCMT:sehprolg4.obj
 0001:000022f6       __SEH_epilog4              100032f6 f   LIBCMT:sehprolg4.obj
 0001:0000230b       @_guard_check_icall_nop@4  1000330b f i LIBCMT:guard_support.obj
 0001:00002359       ___security_init_cookie    10003359 f   LIBCMT:gs_support.obj
 0001:000023a4       _DllMain@12                100033a4 f   LIBCMT:dll_dllmain_stub.obj
 0001:000023aa       ?__scrt_initialize_type_info@@YAXXZ 100033aa f   LIBCMT:tncleanup.obj
 0001:000023b6       ?__scrt_uninitialize_type_info@@YAXXZ 100033b6 f   LIBCMT:tncleanup.obj
 0001:000023c2       ___local_stdio_printf_options 100033c2 f i LIBCMT:default_local_stdio_options.obj
 0001:000023c8       ___local_stdio_scanf_options 100033c8 f i LIBCMT:default_local_stdio_options.obj
 0001:000023ce       ___scrt_initialize_default_local_stdio_options 100033ce f   LIBCMT:default_local_stdio_options.obj
 0001:000023eb       ___scrt_get_dyn_tls_init_callback 100033eb f   LIBCMT:dyn_tls_init.obj
 0001:000023f1       __RTC_Initialize           100033f1 f   LIBCMT:initsect.obj
 0001:0000241d       __RTC_Terminate            1000341d f   LIBCMT:initsect.obj
 0001:00002449       ___std_exception_copy      10003449 f   libvcruntime:std_exception.obj
 0001:000024ac       ___std_exception_destroy   100034ac f   libvcruntime:std_exception.obj
 0001:000024cb       __CxxThrowException@8      100034cb f   libvcruntime:throw.obj
 0001:00002538       ___vcrt_initialize         10003538 f   libvcruntime:initialization.obj
 0001:00002561       ___vcrt_thread_attach      10003561 f   libvcruntime:initialization.obj
 0001:0000256c       ___vcrt_thread_detach      1000356c f   libvcruntime:initialization.obj
 0001:00002577       ___vcrt_uninitialize       10003577 f   libvcruntime:initialization.obj
 0001:00002596       ___vcrt_uninitialize_critical 10003596 f   libvcruntime:initialization.obj
 0001:000025e0       __except_handler4          100035e0 f   libvcruntime:chandler4.obj
 0001:00002740       _memset                    10003740 f   libvcruntime:memset.obj
 0001:0000289a       ___std_type_info_destroy_list 1000389a f   libvcruntime:std_type_info.obj
 0001:000028bd       ___vcrt_freefls@4          100038bd f   libvcruntime:per_thread_data.obj
 0001:000028d9       ___vcrt_freeptd            100038d9 f   libvcruntime:per_thread_data.obj
 0001:0000290f       ___vcrt_getptd_noexit      1000390f f   libvcruntime:per_thread_data.obj
 0001:000029a1       ___vcrt_initialize_ptd     100039a1 f   libvcruntime:per_thread_data.obj
 0001:000029d4       ___vcrt_uninitialize_ptd   100039d4 f   libvcruntime:per_thread_data.obj
 0001:000029ef       ___vcrt_initialize_locks   100039ef f   libvcruntime:locks.obj
 0001:00002a2b       ___vcrt_uninitialize_locks 10003a2b f   libvcruntime:locks.obj
 0001:00002b8d       ___vcrt_FlsAlloc           10003b8d f   libvcruntime:winapi_downlevel.obj
 0001:00002bc8       ___vcrt_FlsFree            10003bc8 f   libvcruntime:winapi_downlevel.obj
 0001:00002c03       ___vcrt_FlsGetValue        10003c03 f   libvcruntime:winapi_downlevel.obj
 0001:00002c3e       ___vcrt_FlsSetValue        10003c3e f   libvcruntime:winapi_downlevel.obj
 0001:00002c7c       ___vcrt_InitializeCriticalSectionEx 10003c7c f   libvcruntime:winapi_downlevel.obj
 0001:00002cc3       ___vcrt_initialize_winapi_thunks 10003cc3 f   libvcruntime:winapi_downlevel.obj
 0001:00002cec       ___vcrt_uninitialize_winapi_thunks 10003cec f   libvcruntime:winapi_downlevel.obj
 0001:00002d1e       ___vcrt_initialize_pure_virtual_call_handler 10003d1e f   libvcruntime:purevirt_data.obj
 0001:00002d30       __local_unwind4            10003d30 f   libvcruntime:exsup4.obj
 0001:00002e08       __seh_longjmp_unwind4@4    10003e08 f   libvcruntime:exsup4.obj
 0001:00002e30       @_EH4_CallFilterFunc@8     10003e30 f   libvcruntime:exsup4.obj
 0001:00002e48       @_EH4_TransferToHandler@8  10003e48 f   libvcruntime:exsup4.obj
 0001:00002e64       @_EH4_GlobalUnwind2@8      10003e64 f   libvcruntime:exsup4.obj
 0001:00002e80       @_EH4_LocalUnwind@16       10003e80 f   libvcruntime:exsup4.obj
 0001:00002e97       ___except_validate_context_record 10003e97 f   libvcruntime:jbcxrval.obj
 0001:00002ec7       ___except_validate_jump_buffer 10003ec7 f   libvcruntime:jbcxrval.obj
 0001:00002f00       __global_unwind2           10003f00 f   libvcruntime:exsup.obj
 0001:00002f66       __local_unwind2            10003f66 f   libvcruntime:exsup.obj
 0001:00002fea       __abnormal_termination     10003fea f   libvcruntime:exsup.obj
 0001:00003010       __NLG_Notify1              10004010 f   libvcruntime:exsup.obj
 0001:0000301c       __NLG_Notify               1000401c f   libvcruntime:exsup.obj
 0001:00003033       __NLG_Dispatch             10004033     libvcruntime:exsup.obj
 0001:00003033       __NLG_Dispatch2            10004033     libvcruntime:exsup.obj
 0001:0000303b       __NLG_Call                 1000403b f   libvcruntime:exsup.obj
 0001:0000303d       __NLG_Return2              1000403d     libvcruntime:exsup.obj
 0001:00003040       _memcpy                    10004040 f   libvcruntime:memcpy.obj
 0001:000035c0       __CallSettingFrame@12      100045c0 f   libvcruntime:lowhelpr.obj
 0001:000035e7       __NLG_Return               100045e7     libvcruntime:lowhelpr.obj
 0001:0000360c       ___DestructExceptionObject 1000460c f   libvcruntime:ehhelpers.obj
 0001:000036ac       ?_CallMemberFunction0@@YGXQAX0@Z 100046ac f i libvcruntime:ehhelpers.obj
 0001:000036c0       _memmove                   100046c0 f   libvcruntime:memmove.obj
 0001:00003c34       ___acrt_call_reportfault   10004c34 f   libucrt:invalid_parameter.obj
 0001:00003d6f       ___acrt_initialize_invalid_parameter_handler 10004d6f f   libucrt:invalid_parameter.obj
 0001:00003d7e       __invalid_parameter        10004d7e f   libucrt:invalid_parameter.obj
 0001:00003de2       __invalid_parameter_noinfo 10004de2 f   libucrt:invalid_parameter.obj
 0001:00003df2       __invalid_parameter_noinfo_noreturn 10004df2 f   libucrt:invalid_parameter.obj
 0001:00003e0f       __invoke_watson            10004e0f f   libucrt:invalid_parameter.obj
 0001:00003e43       ??0_LocaleUpdate@@QAE@QAU__crt_locale_pointers@@@Z 10004e43 f i libucrt:stricmp.obj
 0001:00003ec6       ___ascii_stricmp           10004ec6 f   libucrt:stricmp.obj
 0001:00003f01       __stricmp                  10004f01 f   libucrt:stricmp.obj
 0001:00003f4a       __stricmp_l                10004f4a f   libucrt:stricmp.obj
 0001:00003fe4       ___acrt_initialize_new_handler 10004fe4 f   libucrt:new_handler.obj
 0001:00003ff3       __callnewh                 10004ff3 f   libucrt:new_handler.obj
 0001:00004020       __query_new_handler        10005020 f   libucrt:new_handler.obj
 0001:00004072       _malloc                    10005072 f   libucrt:malloc.obj
 0001:0000407d       __seh_filter_dll           1000507d f   libucrt:exception_filter.obj
 0001:0000409d       __seh_filter_exe           1000509d f   libucrt:exception_filter.obj
 0001:0000445d       ___acrt_initialize_thread_local_exit_callback 1000545d f   libucrt:exit.obj
 0001:0000446c       __cexit                    1000546c f   libucrt:exit.obj
 0001:0000447b       __exit                     1000547b f   libucrt:exit.obj
 0001:00004491       __is_c_termination_complete 10005491 f   libucrt:exit.obj
 0001:00004749       ___acrt_allocate_buffer_for_argv 10005749 f   libucrt:argv_parsing.obj
 0001:00004798       __configure_narrow_argv    10005798 f   libucrt:argv_parsing.obj
 0001:000048f7       ??$uninitialize@A6AXAAPAPAD@Z@?$dual_state_global@PAPAD@__crt_state_management@@QAEXA6AXAAPAPAD@Z@Z 100058f7 f i libucrt:environment_initialization.obj
 0001:000048f7       ??$uninitialize@A6AXAAPAPA_W@Z@?$dual_state_global@PAPA_W@__crt_state_management@@QAEXA6AXAAPAPA_W@Z@Z 100058f7 f i libucrt:environment_initialization.obj
 0001:00004956       ___dcrt_uninitialize_environments_nolock 10005956 f   libucrt:environment_initialization.obj
 0001:0000498d       __initialize_narrow_environment 1000598d f   libucrt:environment_initialization.obj
 0001:00004a34       ??$__crt_fast_encode_pointer@P6AHXZ@@YAP6AHXZQ6AHXZ@Z 10005a34 f i libucrt:onexit.obj
 0001:00004c5a       __crt_atexit               10005c5a f   libucrt:onexit.obj
 0001:00004c70       __execute_onexit_table     10005c70 f   libucrt:onexit.obj
 0001:00004c9f       __initialize_onexit_table  10005c9f f   libucrt:onexit.obj
 0001:00004cc8       __register_onexit_function 10005cc8 f   libucrt:onexit.obj
 0001:00004d24       ___acrt_uninitialize_command_line 10005d24 f   libucrt:argv_data.obj
 0001:00004dfd       ___acrt_initialize         10005dfd f   libucrt:initialization.obj
 0001:00004e0f       ___acrt_thread_attach      10005e0f f   libucrt:initialization.obj
 0001:00004e1a       ___acrt_thread_detach      10005e1a f   libucrt:initialization.obj
 0001:00004e22       ___acrt_uninitialize       10005e22 f   libucrt:initialization.obj
 0001:00004e52       ___acrt_uninitialize_critical 10005e52 f   libucrt:initialization.obj
 0001:00004e64       __initterm                 10005e64 f   libucrt:initterm.obj
 0001:00004eab       __initterm_e               10005eab f   libucrt:initterm.obj
 0001:00004ed9       _free                      10005ed9 f   libucrt:free.obj
 0001:00004ef6       _terminate                 10005ef6 f   libucrt:terminate.obj
 0001:00004f32       _strcpy_s                  10005f32 f   libucrt:strcpy_s.obj
 0001:00004f8c       _abort                     10005f8c f   libucrt:abort.obj
 0001:00004fd0       _calloc                    10005fd0 f   libucrt:calloc.obj
 0001:00004fdb       _wcsncmp                   10005fdb f   libucrt:wcsncmp.obj
 0001:00005015       ___acrt_locale_get_ctype_array_value 10006015 f i libucrt:output.obj
 0001:00005037       __chvalidchk_l             10006037 f i libucrt:atox.obj
 0001:0000505f       __ischartype_l             1000605f f i libucrt:atox.obj
 0001:000050a0       _strncmp                   100060a0 f   libucrt:strncmp.obj
 0001:00005432       ___acrt_freeptd            10006432 f   libucrt:per_thread_data.obj
 0001:0000545e       ___acrt_getptd             1000645e f   libucrt:per_thread_data.obj
 0001:0000551b       ___acrt_getptd_head        1000651b f   libucrt:per_thread_data.obj
 0001:000055b5       ___acrt_getptd_noexit      100065b5 f   libucrt:per_thread_data.obj
 0001:0000566a       ___acrt_initialize_ptd     1000666a f   libucrt:per_thread_data.obj
 0001:00005696       ___acrt_uninitialize_ptd   10006696 f   libucrt:per_thread_data.obj
 0001:00005813       __tolower_l                10006813 f   libucrt:tolower_toupper.obj
 0001:0000582d       ___acrt_errno_from_os_error 1000682d f   libucrt:errno.obj
 0001:00005870       ___acrt_errno_map_os_error 10006870 f   libucrt:errno.obj
 0001:00005893       ___doserrno                10006893 f   libucrt:errno.obj
 0001:000058a6       __errno                    100068a6 f   libucrt:errno.obj
 0001:000058b9       ___acrt_update_locale_info 100068b9 f   libucrt:locale_update.obj
 0001:000058e6       ___acrt_update_multibyte_info 100068e6 f   libucrt:locale_update.obj
 0001:00005977       ___acrt_set_locale_changed 10006977 f   libucrt:wsetlocale.obj
 0001:00005982       ___acrt_uninitialize_locale 10006982 f   libucrt:wsetlocale.obj
 0001:000059ab       ___acrt_initialize_locks   100069ab f   libucrt:locks.obj
 0001:000059ec       ___acrt_lock               100069ec f   libucrt:locks.obj
 0001:00005a03       ___acrt_uninitialize_locks 10006a03 f   libucrt:locks.obj
 0001:00005a34       ___acrt_unlock             10006a34 f   libucrt:locks.obj
 0001:00005a4b       __malloc_base              10006a4b f   libucrt:malloc_base.obj
 0001:00005a99       ___acrt_get_process_end_policy 10006a99 f   libucrt:win_policies.obj
 0001:00005acc       __calloc_base              10006acc f   libucrt:calloc_base.obj
 0001:00005b29       __free_base                10006b29 f   libucrt:free_base.obj
 0001:00005cfc       ??$__acrt_mbs_to_wcs_cp@U__crt_win32_buffer_internal_dynamic_resizing@@@@YAHQBDAAV?$__crt_win32_buffer@_WU__crt_win32_buffer_internal_dynamic_resizing@@@@I@Z 10006cfc f i libucrt:argv_wildcards.obj
 0001:00006218       ?__acrt_get_utf8_acp_compatibility_codepage@@YAIXZ 10007218 f i libucrt:argv_wildcards.obj
 0001:00006259       ?_deallocate@?$__crt_win32_buffer@_WU__crt_win32_buffer_internal_dynamic_resizing@@@@AAEXXZ 10007259 f i libucrt:argv_wildcards.obj
 0001:00006259       ?_deallocate@?$__crt_win32_buffer@DU__crt_win32_buffer_internal_dynamic_resizing@@@@AAEXXZ 10007259 f i libucrt:argv_wildcards.obj
 0001:00006273       ?allocate@?$__crt_win32_buffer@DU__crt_win32_buffer_internal_dynamic_resizing@@@@QAEHI@Z 10007273 f i libucrt:argv_wildcards.obj
 0001:000062af       ?allocate@?$__crt_win32_buffer@_WU__crt_win32_buffer_internal_dynamic_resizing@@@@QAEHI@Z 100072af f i libucrt:argv_wildcards.obj
 0001:000062ee       ?allocate@__crt_win32_buffer_internal_dynamic_resizing@@SAHQAPAXIABV__crt_win32_buffer_empty_debug_info@@@Z 100072ee f i libucrt:argv_wildcards.obj
 0001:00006394       ___acrt_expand_narrow_argv_wildcards 10007394 f   libucrt:argv_wildcards.obj
 0001:00006466       ?allocate@?$__crt_win32_buffer@DU__crt_win32_buffer_no_resizing@@@@QAEHI@Z 10007466 f i libucrt:getmodulefilenamea.obj
 0001:0000648d       ?set_to_nullptr@?$__crt_win32_buffer@DU__crt_win32_buffer_no_resizing@@@@QAEXXZ 1000748d f i libucrt:getmodulefilenamea.obj
 0001:000064a1       ___acrt_GetModuleFileNameA 100074a1 f   libucrt:getmodulefilenamea.obj
 0001:00006a54       ___acrt_initialize_multibyte 10007a54 f   libucrt:mbctype.obj
 0001:00006a9c       ___acrt_update_thread_multibyte_data 10007a9c f   libucrt:mbctype.obj
 0001:00006aaf       __setmbcp_nolock           10007aaf f   libucrt:mbctype.obj
 0001:00006d7e       __ismbblead                10007d7e f   libucrt:ismbbyte.obj
 0001:00006d96       ___acrt_initialize_command_line 10007d96 f   libucrt:argv_data.obj
 0001:00006daf       ___acrt_MultiByteToWideChar 10007daf f   libucrt:multibytetowidechar.obj
 0001:00006e2b       ___acrt_WideCharToMultiByte 10007e2b f   libucrt:widechartomultibyte.obj
 0001:00006f0f       ___dcrt_get_narrow_environment_from_os 10007f0f f   libucrt:get_environment_from_os.obj
 0001:00006f95       __recalloc_base            10007f95 f   libucrt:recalloc.obj
 0001:0000716e       ___acrt_initialize_lowio   1000816e f   libucrt:ioinit.obj
 0001:000071c4       ___acrt_uninitialize_lowio 100081c4 f   libucrt:ioinit.obj
 0001:0000738a       ___acrt_AppPolicyGetProcessTerminationMethodInternal@4 1000838a f   libucrt:winapi_thunks.obj
 0001:000073ca       ___acrt_AreFileApisANSI@0  100083ca f   libucrt:winapi_thunks.obj
 0001:000073e9       ___acrt_FlsAlloc@4         100083e9 f   libucrt:winapi_thunks.obj
 0001:00007428       ___acrt_FlsFree@4          10008428 f   libucrt:winapi_thunks.obj
 0001:00007467       ___acrt_FlsGetValue@4      10008467 f   libucrt:winapi_thunks.obj
 0001:000074a6       ___acrt_FlsSetValue@8      100084a6 f   libucrt:winapi_thunks.obj
 0001:000074e8       ___acrt_InitializeCriticalSectionEx@12 100084e8 f   libucrt:winapi_thunks.obj
 0001:00007533       ___acrt_LCMapStringEx@36   10008533 f   libucrt:winapi_thunks.obj
 0001:00007590       ___acrt_LocaleNameToLCID@8 10008590 f   libucrt:winapi_thunks.obj
 0001:000075c1       ___acrt_initialize_winapi_thunks 100085c1 f   libucrt:winapi_thunks.obj
 0001:000075ec       ___acrt_uninitialize_winapi_thunks 100085ec f   libucrt:winapi_thunks.obj
 0001:00007622       ___acrt_initialize_heap    10008622 f   libucrt:heap_handle.obj
 0001:00007633       ___acrt_uninitialize_heap  10008633 f   libucrt:heap_handle.obj
 0001:0000763d       ___acrt_execute_initializers 1000863d f   libucrt:shared_initialization.obj
 0001:000076a5       ___acrt_execute_uninitializers 100086a5 f   libucrt:shared_initialization.obj
 0001:0000779a       ___acrt_get_sigabrt_handler 1000879a f   libucrt:signal.obj
 0001:000077c3       ___acrt_initialize_signal_handlers 100087c3 f   libucrt:signal.obj
 0001:000077e1       ___fpecode                 100087e1 f   libucrt:signal.obj
 0001:000077ea       _raise                     100087ea f   libucrt:signal.obj
 0001:000079d1       ___acrt_has_user_matherr   100089d1 f   libucrt:matherr.obj
 0001:000079e9       ___acrt_initialize_user_matherr 100089e9 f   libucrt:matherr.obj
 0001:000079f8       ___acrt_invoke_user_matherr 100089f8 f   libucrt:matherr.obj
 0001:00007bf5       ___acrt_stdio_flush_nolock 10008bf5 f   libucrt:fflush.obj
 0001:00007c5a       __fflush_nolock            10008c5a f   libucrt:fflush.obj
 0001:00007ca2       __flushall                 10008ca2 f   libucrt:fflush.obj
 0001:00007cab       ___acrt_initialize_stdio   10008cab f   libucrt:_file.obj
 0001:00007d73       ___acrt_uninitialize_stdio 10008d73 f   libucrt:_file.obj
 0001:00007dbf       __lock_file                10008dbf f   libucrt:_file.obj
 0001:00007dd3       __unlock_file              10008dd3 f   libucrt:_file.obj
 0001:00007de7       __mbtowc_l                 10008de7 f   libucrt:mbtowc.obj
 0001:00007f2b       _mbtowc                    10008f2b f   libucrt:mbtowc.obj
 0001:00007f45       __fileno                   10008f45 f   libucrt:fileno.obj
 0001:00007f6c       ___pctype_func             10008f6c f   libucrt:ctype.obj
 0001:00007f92       __isctype_l                10008f92 f   libucrt:isctype.obj
 0001:00008067       ___acrt_add_locale_ref     10009067 f   libucrt:locale_refcounting.obj
 0001:000080e4       ___acrt_free_locale        100090e4 f   libucrt:locale_refcounting.obj
 0001:0000822e       ___acrt_locale_add_lc_time_reference 1000922e f   libucrt:locale_refcounting.obj
 0001:00008257       ___acrt_locale_free_lc_time_if_unreferenced 10009257 f   libucrt:locale_refcounting.obj
 0001:00008288       ___acrt_locale_release_lc_time_reference 10009288 f   libucrt:locale_refcounting.obj
 0001:000082b1       ___acrt_release_locale_ref 100092b1 f   libucrt:locale_refcounting.obj
 0001:00008332       ___acrt_update_thread_locale_data 10009332 f   libucrt:locale_refcounting.obj
 0001:000083a9       __updatetlocinfoEx_nolock  100093a9 f   libucrt:locale_refcounting.obj
 0001:000083f9       __isleadbyte_l             100093f9 f i libucrt:_wctype.obj
 0001:00008621       ___acrt_LCMapStringA       10009621 f   libucrt:lcmapstringa.obj
 0001:0000866c       __freea_crt                1000966c f i libucrt:lcmapstringa.obj
 0001:0000868c       ___acrt_locale_free_monetary 1000968c f   libucrt:initmon.obj
 0001:0000878a       ___acrt_locale_free_numeric 1000978a f   libucrt:initnum.obj
 0001:0000882b       ___acrt_locale_free_time   1000982b f   libucrt:inittime.obj
 0001:0000890f       ___acrt_GetStringTypeA     1000990f f   libucrt:getstringtypea.obj
 0001:00008a14       __query_new_mode           10009a14 f   libucrt:new_mode.obj
 0001:00008a60       _qsort                     10009a60 f   libucrt:qsort.obj
 0001:00008f57       _strncpy_s                 10009f57 f   libucrt:strncpy_s.obj
 0001:00008f70       _strpbrk                   10009f70 f   libucrt:strpbrk.obj
 0001:00008fb0       __mbsdec                   10009fb0 f   libucrt:mbsdec.obj
 0001:00008fc7       __mbsdec_l                 10009fc7 f   libucrt:mbsdec.obj
 0001:00009065       __msize_base               1000a065 f   libucrt:msize.obj
 0001:00009098       __realloc_base             1000a098 f   libucrt:realloc_base.obj
 0001:00009101       ___acrt_lowio_create_handle_array 1000a101 f   libucrt:osfinfo.obj
 0001:0000917e       ___acrt_lowio_destroy_handle_array 1000a17e f   libucrt:osfinfo.obj
 0001:000091b3       ___acrt_lowio_ensure_fh_exists 1000a1b3 f   libucrt:osfinfo.obj
 0001:00009247       ___acrt_lowio_lock_fh      1000a247 f   libucrt:osfinfo.obj
 0001:0000926a       ___acrt_lowio_unlock_fh    1000a26a f   libucrt:osfinfo.obj
 0001:0000928d       __free_osfhnd              1000a28d f   libucrt:osfinfo.obj
 0001:0000931e       __get_osfhandle            1000a31e f   libucrt:osfinfo.obj
 0001:0000943c       ___acrt_DownlevelLocaleNameToLCID 1000a43c f   libucrt:lcidtoname_downlevel.obj
 0001:00009500       __commit                   1000a500 f   libucrt:commit.obj
 0001:00009d04       __write                    1000ad04 f   libucrt:write.obj
 0001:00009dec       __write_nolock             1000adec f   libucrt:write.obj
 0001:00009fd0       __fcloseall                1000afd0 f   libucrt:closeall.obj
 0001:0000a071       ___acrt_stdio_free_buffer_nolock 1000b071 f   libucrt:_freebuf.obj
 0001:0000a0b1       __isatty                   1000b0b1 f   libucrt:isatty.obj
 0001:0000a133       ?__mbrtowc_utf8@__crt_mbstring@@YAIPA_WPBDIPAU_Mbstatet@@@Z 1000b133 f   libucrt:mbrtowc.obj
 0001:0000a175       ?__mbsrtowcs_utf8@__crt_mbstring@@YAIPA_WPAPBDIPAU_Mbstatet@@@Z 1000b175 f   libucrt:mbrtowc.obj
 0001:0000a272       ?return_illegal_sequence@__crt_mbstring@@YAIPAU_Mbstatet@@@Z 1000b272 f i libucrt:c32rtomb.obj
 0001:0000a291       ___strncnt                 1000b291 f   libucrt:strncnt.obj
 0001:0000a2ad       __query_app_type           1000b2ad f   libucrt:report_runtime_error.obj
 0001:0000a331       __lseeki64_nolock          1000b331 f   libucrt:lseek.obj
 0001:0000a34c       __putwch_nolock            1000b34c f   libucrt:putwch.obj
 0001:0000a380       __fclose_nolock            1000b380 f   libucrt:fclose.obj
 0001:0000a3f7       _fclose                    1000b3f7 f   libucrt:fclose.obj
 0001:0000a471       ?__mbrtoc32_utf8@__crt_mbstring@@YAIPA_UPBDIPAU_Mbstatet@@@Z 1000b471 f   libucrt:mbrtoc32.obj
 0001:0000a630       __CIlog10                  1000b630 f   libucrt:log10_impl.obj
 0001:0000a66b       __CIlog10_default          1000b66b f   libucrt:log10_impl.obj
 0001:0000a67f       __log10_default            1000b67f     libucrt:log10_impl.obj
 0001:0000a740       _ceil                      1000b740 f   libucrt:ceil_pentium4.obj
 0001:0000a780       __ceil_pentium4            1000b780 f   libucrt:ceil_pentium4.obj
 0001:0000a860       ___ascii_strnicmp          1000b860 f   libucrt:_strnicm.obj
 0001:0000a8e0       ___dcrt_lowio_ensure_console_output_initialized 1000b8e0 f   libucrt:initcon.obj
 0001:0000a8ff       ___dcrt_terminate_console_output 1000b8ff f   libucrt:initcon.obj
 0001:0000a916       ___dcrt_write_console      1000b916 f   libucrt:initcon.obj
 0001:0000a9ed       __close                    1000b9ed f   libucrt:close.obj
 0001:0000aa7c       __close_nolock             1000ba7c f   libucrt:close.obj
 0001:0000ab18       ?__acrt_stdio_free_stream@@YAXV__crt_stdio_stream@@@Z 1000bb18 f   libucrt:stream.obj
 0001:0000ab53       ___acrt_initialize_sse2    1000bb53 f   libucrt:mathfcns.obj
 0001:0000ab70       __CIlog10_pentium4         1000bb70 f   libucrt:log10_pentium4.obj
 0001:0000ab88       __log10_pentium4           1000bb88     libucrt:log10_pentium4.obj
 0001:0000ae20       __fFEXP                    1000be20 f   libucrt:87tran.obj
 0001:0000ae77       __rtinfpopse               1000be77     libucrt:87tran.obj
 0001:0000ae79       __rtinfnpopse              1000be79     libucrt:87tran.obj
 0001:0000ae89       __fFLN                     1000be89     libucrt:87tran.obj
 0001:0000af3e       __rtinfpop                 1000bf3e     libucrt:87tran.obj
 0001:0000af40       __rtinfnpop                1000bf40     libucrt:87tran.obj
 0001:0000af50       __rtforexpinf              1000bf50 f   libucrt:87tran.obj
 0001:0000af5d       __ffexpm1                  1000bf5d     libucrt:87tran.obj
 0001:0000b010       __trandisp1                1000c010 f   libucrt:87disp.obj
 0001:0000b085       __trandisp2                1000c085 f   libucrt:87disp.obj
 0001:0000b11f       __rttospopde               1000c11f     libucrt:87disp.obj
 0001:0000b124       __rttospop                 1000c124     libucrt:87disp.obj
 0001:0000b130       __rtnospop                 1000c130 f   libucrt:87disp.obj
 0001:0000b140       __rttosnpop                1000c140 f   libucrt:87disp.obj
 0001:0000b141       __rtnospopde               1000c141     libucrt:87disp.obj
 0001:0000b148       __rtzeropop                1000c148     libucrt:87disp.obj
 0001:0000b14a       __rtzeronpop               1000c14a     libucrt:87disp.obj
 0001:0000b150       __rtzerospop               1000c150 f   libucrt:87disp.obj
 0001:0000b15d       __rtonepop                 1000c15d     libucrt:87disp.obj
 0001:0000b160       __rtonenpop                1000c160 f   libucrt:87disp.obj
 0001:0000b170       __tosnan1                  1000c170 f   libucrt:87disp.obj
 0001:0000b1a0       __nosnan2                  1000c1a0 f   libucrt:87disp.obj
 0001:0000b1b0       __tosnan2                  1000c1b0 f   libucrt:87disp.obj
 0001:0000b1e0       __nan2                     1000c1e0 f   libucrt:87disp.obj
 0001:0000b220       __rtindfpop                1000c220 f   libucrt:87disp.obj
 0001:0000b222       __rtindfnpop               1000c222     libucrt:87disp.obj
 0001:0000b233       __rttosnpopde              1000c233     libucrt:87disp.obj
 0001:0000b240       __rtatan2inf               1000c240 f   libucrt:87disp.obj
 0001:0000b25d       __rtchsifneg               1000c25d     libucrt:87disp.obj
 0001:0000b270       __twoToTOS                 1000c270 f   libucrt:common.obj
 0001:0000b285       __load_CW                  1000c285 f   libucrt:common.obj
 0001:0000b29c       __convertTOStoQNaN         1000c29c f   libucrt:common.obj
 0001:0000b2b5       __fload_withFB             1000c2b5 f   libucrt:common.obj
 0001:0000b2f8       __checkTOS_withFB          1000c2f8 f   libucrt:common.obj
 0001:0000b30e       __fast_exit                1000c30e f   libucrt:common.obj
 0001:0000b31b       __math_exit                1000c31b f   libucrt:common.obj
 0001:0000b345       __check_overflow_exit      1000c345 f   libucrt:common.obj
 0001:0000b359       __check_range_exit         1000c359 f   libucrt:common.obj
 0001:0000b400       __startTwoArgErrorHandling 1000c400 f   libucrt:genexcep.obj
 0001:0000b417       __startOneArgErrorHandling 1000c417 f   libucrt:genexcep.obj
 0001:0000b453       ___libm_error_support      1000c453 f   libucrt:libm_error.obj
 0001:0000b649       __ceil_default             1000c649 f   libucrt:ceil.obj
 0001:0000b700       __clrfp                    1000c700 f   libucrt:fpctrl.obj
 0001:0000b713       __ctrlfp                   1000c713 f   libucrt:fpctrl.obj
 0001:0000b73f       __set_statfp               1000c73f f   libucrt:fpctrl.obj
 0001:0000b79a       __statfp                   1000c79a f   libucrt:fpctrl.obj
 0001:0000b7ac       __d_inttype                1000c7ac f   libucrt:powhlp.obj
 0001:0000b816       __powhlp                   1000c816 f   libucrt:powhlp.obj
 0001:0000b941       __87except                 1000c941 f   libucrt:87except.obj
 0001:0000ba4b       __frnd                     1000ca4b f   libucrt:frnd.obj
 0001:0000ba61       __errcode                  1000ca61 f   libucrt:fpexcept.obj
 0001:0000ba95       __except1                  1000ca95 f   libucrt:fpexcept.obj
 0001:0000bb63       __handle_exc               1000cb63 f   libucrt:fpexcept.obj
 0001:0000bd50       __raise_exc                1000cd50 f   libucrt:fpexcept.obj
 0001:0000bd73       __raise_exc_ex             1000cd73 f   libucrt:fpexcept.obj
 0001:0000c069       __set_errno_from_matherr   1000d069 f   libucrt:fpexcept.obj
 0001:0000c098       __umatherr                 1000d098 f   libucrt:fpexcept.obj
 0001:0000c13a       __decomp                   1000d13a f   libucrt:util.obj
 0001:0000c218       __set_exp                  1000d218 f   libucrt:util.obj
 0001:0000c247       __sptype                   1000d247 f   libucrt:util.obj
 0001:0000c2a5       __fpclass                  1000d2a5 f   libucrt:ieeemisc.obj
 0001:0000c349       _IsProcessorFeaturePresent@4 1000d349 f   kernel32:KERNEL32.dll
 0001:0000c34f       ?DloadAcquireSectionWriteAccess@@YGXXZ 1000d34f f i DelayImp:delayhlp.obj
 0001:0000c382       ?DloadGetSRWLockFunctionPointers@@YGEXZ 1000d382 f i DelayImp:delayhlp.obj
 0001:0000c3f5       ?DloadLock@@YGXXZ          1000d3f5 f i DelayImp:delayhlp.obj
 0001:0000c434       ?DloadMakePermanentImageCommit@@YGXPAXK@Z 1000d434 f i DelayImp:delayhlp.obj
 0001:0000c4a3       ?DloadObtainSection@@YGPAXPAK0@Z 1000d4a3 f i DelayImp:delayhlp.obj
 0001:0000c51e       ?DloadProtectSection@@YGXKPAK@Z 1000d51e f i DelayImp:delayhlp.obj
 0001:0000c58c       ?DloadReleaseSectionWriteAccess@@YGXXZ 1000d58c f i DelayImp:delayhlp.obj
 0001:0000c5c2       ?DloadUnlock@@YGXXZ        1000d5c2 f i DelayImp:delayhlp.obj
 0001:0000c5ee       ___delayLoadHelper2@8      1000d5ee f   DelayImp:delayhlp.obj
 0001:0000c860       __FindPESection            1000d860 f   LIBCMT:pesect.obj
 0001:0000c8b0       __IsNonwritableInCurrentImage 1000d8b0 f   LIBCMT:pesect.obj
 0001:0000c970       __ValidateImageBase        1000d970 f   LIBCMT:pesect.obj
 0001:0000c9b0       __aulldvrm                 1000d9b0 f   LIBCMT:ulldvrm.obj
 0001:0000ca50       __allmul                   1000da50 f   LIBCMT:llmul.obj
 0001:0000ca90       __alldvrm                  1000da90 f   LIBCMT:lldvrm.obj
 0001:0000cb70       __aullshr                  1000db70 f   LIBCMT:ullshr.obj
 0001:0000cb90       __alloca_probe_16          1000db90 f   LIBCMT:alloca16.obj
 0001:0000cba6       __alloca_probe_8           1000dba6     LIBCMT:alloca16.obj
 0001:0000cbc0       __alloca_probe             1000dbc0 f   LIBCMT:chkstk.obj
 0001:0000cbc0       __chkstk                   1000dbc0 f   LIBCMT:chkstk.obj
 0001:0000cbf0       __allshl                   1000dbf0 f   LIBCMT:llshl.obj
 0001:0000cc10       __ftol2_sse                1000dc10 f   LIBCMT:ftol2.obj
 0001:0000cc19       __ftol2_pentium4           1000dc19 f   LIBCMT:ftol2.obj
 0001:0000cc2c       __ftol2_sse_excpt          1000dc2c f   LIBCMT:ftol2.obj
 0001:0000cc50       __ftol2                    1000dc50 f   LIBCMT:ftol2.obj
 0001:0000ccd0       _strchr                    1000dcd0 f   libvcruntime:strchr.obj
 0001:0000cd3e       ___from_strstr_to_strchr   1000dd3e     libvcruntime:strchr.obj
 0001:0000ce00       _strrchr                   1000de00 f   libvcruntime:strrchr.obj
 0002:00000000       __imp__GetModuleHandleA@4  1000e000     kernel32:KERNEL32.dll
 0002:00000004       __imp__VirtualQuery@12     1000e004     kernel32:KERNEL32.dll
 0002:00000008       __imp__UnhandledExceptionFilter@4 1000e008     kernel32:KERNEL32.dll
 0002:0000000c       __imp__SetUnhandledExceptionFilter@4 1000e00c     kernel32:KERNEL32.dll
 0002:00000010       __imp__GetCurrentProcess@0 1000e010     kernel32:KERNEL32.dll
 0002:00000014       __imp__TerminateProcess@8  1000e014     kernel32:KERNEL32.dll
 0002:00000018       __imp__IsProcessorFeaturePresent@4 1000e018     kernel32:KERNEL32.dll
 0002:0000001c       __imp__IsDebuggerPresent@0 1000e01c     kernel32:KERNEL32.dll
 0002:00000020       __imp__GetStartupInfoW@4   1000e020     kernel32:KERNEL32.dll
 0002:00000024       __imp__GetModuleHandleW@4  1000e024     kernel32:KERNEL32.dll
 0002:00000028       __imp__QueryPerformanceCounter@4 1000e028     kernel32:KERNEL32.dll
 0002:0000002c       __imp__GetCurrentProcessId@0 1000e02c     kernel32:KERNEL32.dll
 0002:00000030       __imp__GetCurrentThreadId@0 1000e030     kernel32:KERNEL32.dll
 0002:00000034       __imp__GetSystemTimeAsFileTime@4 1000e034     kernel32:KERNEL32.dll
 0002:00000038       __imp__InitializeSListHead@4 1000e038     kernel32:KERNEL32.dll
 0002:0000003c       __imp__RaiseException@16   1000e03c     kernel32:KERNEL32.dll
 0002:00000040       __imp__InterlockedFlushSList@4 1000e040     kernel32:KERNEL32.dll
 0002:00000044       __imp__GetLastError@0      1000e044     kernel32:KERNEL32.dll
 0002:00000048       __imp__SetLastError@4      1000e048     kernel32:KERNEL32.dll
 0002:0000004c       __imp__EnterCriticalSection@4 1000e04c     kernel32:KERNEL32.dll
 0002:00000050       __imp__LeaveCriticalSection@4 1000e050     kernel32:KERNEL32.dll
 0002:00000054       __imp__DeleteCriticalSection@4 1000e054     kernel32:KERNEL32.dll
 0002:00000058       __imp__InitializeCriticalSectionAndSpinCount@8 1000e058     kernel32:KERNEL32.dll
 0002:0000005c       __imp__TlsAlloc@0          1000e05c     kernel32:KERNEL32.dll
 0002:00000060       __imp__TlsGetValue@4       1000e060     kernel32:KERNEL32.dll
 0002:00000064       __imp__TlsSetValue@8       1000e064     kernel32:KERNEL32.dll
 0002:00000068       __imp__TlsFree@4           1000e068     kernel32:KERNEL32.dll
 0002:0000006c       __imp__FreeLibrary@4       1000e06c     kernel32:KERNEL32.dll
 0002:00000070       __imp__GetProcAddress@8    1000e070     kernel32:KERNEL32.dll
 0002:00000074       __imp__LoadLibraryExW@12   1000e074     kernel32:KERNEL32.dll
 0002:00000078       __imp__RtlUnwind@16        1000e078     kernel32:KERNEL32.dll
 0002:0000007c       __imp__ExitProcess@4       1000e07c     kernel32:KERNEL32.dll
 0002:00000080       __imp__GetModuleHandleExW@12 1000e080     kernel32:KERNEL32.dll
 0002:00000084       __imp__GetModuleFileNameW@12 1000e084     kernel32:KERNEL32.dll
 0002:00000088       __imp__HeapAlloc@12        1000e088     kernel32:KERNEL32.dll
 0002:0000008c       __imp__HeapFree@12         1000e08c     kernel32:KERNEL32.dll
 0002:00000090       __imp__FindClose@4         1000e090     kernel32:KERNEL32.dll
 0002:00000094       __imp__FindFirstFileExW@24 1000e094     kernel32:KERNEL32.dll
 0002:00000098       __imp__FindNextFileW@8     1000e098     kernel32:KERNEL32.dll
 0002:0000009c       __imp__IsValidCodePage@4   1000e09c     kernel32:KERNEL32.dll
 0002:000000a0       __imp__GetACP@0            1000e0a0     kernel32:KERNEL32.dll
 0002:000000a4       __imp__GetOEMCP@0          1000e0a4     kernel32:KERNEL32.dll
 0002:000000a8       __imp__GetCPInfo@8         1000e0a8     kernel32:KERNEL32.dll
 0002:000000ac       __imp__GetCommandLineA@0   1000e0ac     kernel32:KERNEL32.dll
 0002:000000b0       __imp__GetCommandLineW@0   1000e0b0     kernel32:KERNEL32.dll
 0002:000000b4       __imp__MultiByteToWideChar@24 1000e0b4     kernel32:KERNEL32.dll
 0002:000000b8       __imp__WideCharToMultiByte@32 1000e0b8     kernel32:KERNEL32.dll
 0002:000000bc       __imp__GetEnvironmentStringsW@0 1000e0bc     kernel32:KERNEL32.dll
 0002:000000c0       __imp__FreeEnvironmentStringsW@4 1000e0c0     kernel32:KERNEL32.dll
 0002:000000c4       __imp__GetStdHandle@4      1000e0c4     kernel32:KERNEL32.dll
 0002:000000c8       __imp__GetFileType@4       1000e0c8     kernel32:KERNEL32.dll
 0002:000000cc       __imp__LCMapStringW@24     1000e0cc     kernel32:KERNEL32.dll
 0002:000000d0       __imp__GetProcessHeap@0    1000e0d0     kernel32:KERNEL32.dll
 0002:000000d4       __imp__GetStringTypeW@16   1000e0d4     kernel32:KERNEL32.dll
 0002:000000d8       __imp__HeapSize@12         1000e0d8     kernel32:KERNEL32.dll
 0002:000000dc       __imp__HeapReAlloc@16      1000e0dc     kernel32:KERNEL32.dll
 0002:000000e0       __imp__SetStdHandle@8      1000e0e0     kernel32:KERNEL32.dll
 0002:000000e4       __imp__FlushFileBuffers@4  1000e0e4     kernel32:KERNEL32.dll
 0002:000000e8       __imp__WriteFile@20        1000e0e8     kernel32:KERNEL32.dll
 0002:000000ec       __imp__GetConsoleCP@0      1000e0ec     kernel32:KERNEL32.dll
 0002:000000f0       __imp__GetConsoleMode@8    1000e0f0     kernel32:KERNEL32.dll
 0002:000000f4       __imp__SetFilePointerEx@20 1000e0f4     kernel32:KERNEL32.dll
 0002:000000f8       __imp__CreateFileW@28      1000e0f8     kernel32:KERNEL32.dll
 0002:000000fc       __imp__CloseHandle@4       1000e0fc     kernel32:KERNEL32.dll
 0002:00000100       __imp__WriteConsoleW@20    1000e100     kernel32:KERNEL32.dll
 0002:00000104       __imp__DecodePointer@4     1000e104     kernel32:KERNEL32.dll
 0002:00000108       __imp__GetSystemInfo@4     1000e108     kernel32:KERNEL32.dll
 0002:0000010c       __imp__VirtualProtect@16   1000e10c     kernel32:KERNEL32.dll
 0002:00000110       __imp__LoadLibraryExA@12   1000e110     kernel32:KERNEL32.dll
 0002:00000114       \177KERNEL32_NULL_THUNK_DATA 1000e114     kernel32:KERNEL32.dll
 0002:00000118       ___guard_check_icall_fptr  1000e118     LIBCMT:guard_support.obj
 0002:0000011c       ___xc_a                    1000e11c     LIBCMT:initializers.obj
 0002:00000124       __register_testaddon_      1000e124     main.obj
 0002:00000128       ___xc_z                    1000e128     LIBCMT:initializers.obj
 0002:0000012c       ___xi_a                    1000e12c     LIBCMT:initializers.obj
 0002:00000130       ___acrt_multibyte_initializer 1000e130     libucrt:multibyte_initializer.obj
 0002:00000134       ___acrt_stdio_initializer  1000e134     libucrt:stdio_initializer.obj
 0002:00000138       ___acrt_tran_sse2_initializer 1000e138     libucrt:sse2_initializer.obj
 0002:0000013c       ___xi_z                    1000e13c     LIBCMT:initializers.obj
 0002:00000140       ___xp_a                    1000e140     LIBCMT:initializers.obj
 0002:00000144       ___acrt_locale_terminator  1000e144     libucrt:locale_initializer.obj
 0002:00000148       ___dcrt_console_output_terminator 1000e148     libucrt:console_output_initializer.obj
 0002:0000014c       ___acrt_stdio_terminator   1000e14c     libucrt:stdio_initializer.obj
 0002:00000150       ___xp_z                    1000e150     LIBCMT:initializers.obj
 0002:00000154       ___xt_a                    1000e154     LIBCMT:initializers.obj
 0002:00000158       ___xt_z                    1000e158     LIBCMT:initializers.obj
 0002:00000160       __sz_node_exe              1000e160     node:node.exe
 0002:00000170       ??_7exception@std@@6B@     1000e170     libcpmt:xthrow.obj
 0002:00000178       ??_C@_0BC@EOODALEL@Unknown?5exception@ 1000e178     libcpmt:xthrow.obj
 0002:00000190       ??_7bad_alloc@std@@6B@     1000e190     libcpmt:xthrow.obj
 0002:00000198       ??_C@_0P@GHFPNOJB@bad?5allocation@ 1000e198     libcpmt:xthrow.obj
 0002:000001a8       __pRawDllMain              1000e1a8     LIBCMT:dll_dllmain.obj
 0002:000001a8       __pDefaultRawDllMain       1000e1a8     LIBCMT:dll_dllmain.obj
 0002:000001b0       ??_7type_info@@6B@         1000e1b0     LIBCMT:std_type_info_static.obj
 0002:000001c0       ??_7bad_array_new_length@std@@6B@ 1000e1c0     LIBCMT:throw_bad_alloc.obj
 0002:000001c8       ??_C@_0BF@KINCDENJ@bad?5array?5new?5length@ 1000e1c8     LIBCMT:throw_bad_alloc.obj
 0002:0000020c       ??_C@_1DM@KHCHBNEB@?$AAa?$AAp?$AAi?$AA?9?$AAm?$AAs?$AA?9?$AAw?$AAi?$AAn?$AA?9?$AAc?$AAo?$AAr?$AAe@ 1000e20c     libvcruntime:winapi_downlevel.obj
 0002:00000248       ??_C@_1DK@LPPGFMPP@?$AAa?$AAp?$AAi?$AA?9?$AAm?$AAs?$AA?9?$AAw?$AAi?$AAn?$AA?9?$AAc?$AAo?$AAr?$AAe@ 1000e248     libvcruntime:winapi_downlevel.obj
 0002:00000284       ??_C@_1BC@GDMECMAK@?$AAk?$AAe?$AAr?$AAn?$AAe?$AAl?$AA3?$AA2@ 1000e284     libvcruntime:winapi_downlevel.obj
 0002:00000298       ??_C@_1BA@PFFKHIOG@?$AAa?$AAp?$AAi?$AA?9?$AAm?$AAs?$AA?9@ 1000e298     libvcruntime:winapi_downlevel.obj
 0002:000002a8       ??_C@_1BA@IAIFMGEF@?$AAe?$AAx?$AAt?$AA?9?$AAm?$AAs?$AA?9@ 1000e2a8     libvcruntime:winapi_downlevel.obj
 0002:000002c0       ??_C@_08KNHFBNJ@FlsAlloc@  1000e2c0     libvcruntime:winapi_downlevel.obj
 0002:000002d4       ??_C@_07PEJMOBNF@FlsFree@  1000e2d4     libvcruntime:winapi_downlevel.obj
 0002:000002e4       ??_C@_0M@GDNOONDI@FlsGetValue@ 1000e2e4     libvcruntime:winapi_downlevel.obj
 0002:000002f8       ??_C@_0M@JCPCPOEF@FlsSetValue@ 1000e2f8     libvcruntime:winapi_downlevel.obj
 0002:0000030c       ??_C@_0BM@HCFOFFN@InitializeCriticalSectionEx@ 1000e30c     libvcruntime:winapi_downlevel.obj
 0002:000004c4       ??_C@_08EHJDFFNH@__based?$CI@ 1000e4c4     libvcruntime:undname.obj
 0002:000004d0       ??_C@_07KOLFKCDI@__cdecl@  1000e4d0     libvcruntime:undname.obj
 0002:000004d8       ??_C@_08GHMPAG@__pascal@   1000e4d8     libvcruntime:undname.obj
 0002:000004e4       ??_C@_09IFJBGAPI@__stdcall@ 1000e4e4     libvcruntime:undname.obj
 0002:000004f0       ??_C@_0L@NPHFGOKO@__thiscall@ 1000e4f0     libvcruntime:undname.obj
 0002:000004fc       ??_C@_0L@JMKHOMEK@__fastcall@ 1000e4fc     libvcruntime:undname.obj
 0002:00000508       ??_C@_0N@BCKKPABJ@__vectorcall@ 1000e508     libvcruntime:undname.obj
 0002:00000518       ??_C@_09HIJEGCPM@__clrcall@ 1000e518     libvcruntime:undname.obj
 0002:00000524       ??_C@_06GHPCKEAG@__eabi@   1000e524     libvcruntime:undname.obj
 0002:0000052c       ??_C@_09IOPIDJLG@__swift_1@ 1000e52c     libvcruntime:undname.obj
 0002:00000538       ??_C@_09KFNFGKHF@__swift_2@ 1000e538     libvcruntime:undname.obj
 0002:00000544       ??_C@_07JOMMBBKO@__ptr64@  1000e544     libvcruntime:undname.obj
 0002:0000054c       ??_C@_0L@PILCLIHE@__restrict@ 1000e54c     libvcruntime:undname.obj
 0002:00000558       ??_C@_0M@GFIIJFMG@__unaligned@ 1000e558     libvcruntime:undname.obj
 0002:00000564       ??_C@_09DHDLOLLB@restrict?$CI@ 1000e564     libvcruntime:undname.obj
 0002:0000056e       ??_C@_00CNPNBAHC@@         1000e56e     libvcruntime:undname.obj
 0002:00000570       ??_C@_04NIHEBCM@?5new@     1000e570     libvcruntime:undname.obj
 0002:00000578       ??_C@_07FPCDHGMM@?5delete@ 1000e578     libvcruntime:undname.obj
 0002:00000580       ??_C@_01NEMOKFLO@?$DN@     1000e580     libvcruntime:undname.obj
 0002:00000584       ??_C@_02GPIOPFAK@?$DO?$DO@ 1000e584     libvcruntime:undname.obj
 0002:00000588       ??_C@_02FODMEDOG@?$DM?$DM@ 1000e588     libvcruntime:undname.obj
 0002:0000058c       ??_C@_01DCLJPIOD@?$CB@     1000e58c     libvcruntime:undname.obj
 0002:00000590       ??_C@_02EGOFBIJA@?$DN?$DN@ 1000e590     libvcruntime:undname.obj
 0002:00000594       ??_C@_02FDNJECIE@?$CB?$DN@ 1000e594     libvcruntime:undname.obj
 0002:00000598       ??_C@_02GPECMEKF@?$FL?$FN@ 1000e598     libvcruntime:undname.obj
 0002:0000059c       ??_C@_08LHJFAFGD@operator@ 1000e59c     libvcruntime:undname.obj
 0002:000005a8       ??_C@_02HBOOOICD@?9?$DO@   1000e5a8     libvcruntime:undname.obj
 0002:000005ac       ??_C@_01NBENCBCI@?$CK@     1000e5ac     libvcruntime:undname.obj
 0002:000005b0       ??_C@_02ECNGHCIF@?$CL?$CL@ 1000e5b0     libvcruntime:undname.obj
 0002:000005b4       ??_C@_02BAABKJLB@?9?9@     1000e5b4     libvcruntime:undname.obj
 0002:000005b8       ??_C@_01JOAMLHOP@?9@       1000e5b8     libvcruntime:undname.obj
 0002:000005bc       ??_C@_01MIFGBAGJ@?$CL@     1000e5bc     libvcruntime:undname.obj
 0002:000005c0       ??_C@_01HNPIGOCE@?$CG@     1000e5c0     libvcruntime:undname.obj
 0002:000005c4       ??_C@_03MNHNFDLC@?9?$DO?$CK@ 1000e5c4     libvcruntime:undname.obj
 0002:000005c8       ??_C@_01KMDKNFGN@?1@       1000e5c8     libvcruntime:undname.obj
 0002:000005cc       ??_C@_01FGNFDNOH@?$CF@     1000e5cc     libvcruntime:undname.obj
 0002:000005d0       ??_C@_01MNNFJEPP@?$DM@     1000e5d0     libvcruntime:undname.obj
 0002:000005d4       ??_C@_02EHCHHCKH@?$DM?$DN@ 1000e5d4     libvcruntime:undname.obj
 0002:000005d8       ??_C@_01PPODPGHN@?$DO@     1000e5d8     libvcruntime:undname.obj
 0002:000005dc       ??_C@_02EEKDKGMJ@?$DO?$DN@ 1000e5dc     libvcruntime:undname.obj
 0002:000005e0       ??_C@_01IHBHIGKO@?0@       1000e5e0     libvcruntime:undname.obj
 0002:000005e4       ??_C@_02HCKGKOFO@?$CI?$CJ@ 1000e5e4     libvcruntime:undname.obj
 0002:000005e8       ??_C@_01PJKLJHI@?$HO@      1000e5e8     libvcruntime:undname.obj
 0002:000005ec       ??_C@_01JKBOJNNK@?$FO@     1000e5ec     libvcruntime:undname.obj
 0002:000005f0       ??_C@_01DNKMNLPK@?$HM@     1000e5f0     libvcruntime:undname.obj
 0002:000005f4       ??_C@_02PPKAJPJL@?$CG?$CG@ 1000e5f4     libvcruntime:undname.obj
 0002:000005f8       ??_C@_02NONPIBCD@?$HM?$HM@ 1000e5f8     libvcruntime:undname.obj
 0002:000005fc       ??_C@_02FPIMKNGF@?$CK?$DN@ 1000e5fc     libvcruntime:undname.obj
 0002:00000600       ??_C@_02FOEOMHFC@?$CL?$DN@ 1000e600     libvcruntime:undname.obj
 0002:00000604       ??_C@_02FKMDLLOA@?9?$DN@   1000e604     libvcruntime:undname.obj
 0002:00000608       ??_C@_02FJEHGPIO@?1?$DN@   1000e608     libvcruntime:undname.obj
 0002:0000060c       ??_C@_02FENAOKFI@?$CF?$DN@ 1000e60c     libvcruntime:undname.obj
 0002:00000610       ??_C@_03IKFCCPFF@?$DO?$DO?$DN@ 1000e610     libvcruntime:undname.obj
 0002:00000614       ??_C@_03CDNPDDLA@?$DM?$DM?$DN@ 1000e614     libvcruntime:undname.obj
 0002:00000618       ??_C@_02FGJGFEAB@?$CG?$DN@ 1000e618     libvcruntime:undname.obj
 0002:0000061c       ??_C@_02DHLNPPGH@?$HM?$DN@ 1000e61c     libvcruntime:undname.obj
 0002:00000620       ??_C@_02MHEGNOJ@?$FO?$DN@  1000e620     libvcruntime:undname.obj
 0002:00000624       ??_C@_09IFPLHPGF@?$GAvftable?8@ 1000e624     libvcruntime:undname.obj
 0002:00000630       ??_C@_09BLBHBJP@?$GAvbtable?8@ 1000e630     libvcruntime:undname.obj
 0002:0000063c       ??_C@_07FEEIOKP@?$GAvcall?8@ 1000e63c     libvcruntime:undname.obj
 0002:00000644       ??_C@_08LLFFHHDJ@?$GAtypeof?8@ 1000e644     libvcruntime:undname.obj
 0002:00000650       ??_C@_0BF@KDPPACIK@?$GAlocal?5static?5guard?8@ 1000e650     libvcruntime:undname.obj
 0002:00000668       ??_C@_08OBABFOLI@?$GAstring?8@ 1000e668     libvcruntime:undname.obj
 0002:00000674       ??_C@_0BD@JDLKDPAB@?$GAvbase?5destructor?8@ 1000e674     libvcruntime:undname.obj
 0002:00000688       ??_C@_0BN@DEGPLNFK@?$GAvector?5deleting?5destructor?8@ 1000e688     libvcruntime:undname.obj
 0002:000006a8       ??_C@_0BO@OBMKPJIG@?$GAdefault?5constructor?5closure?8@ 1000e6a8     libvcruntime:undname.obj
 0002:000006c8       ??_C@_0BN@IMDCHIKM@?$GAscalar?5deleting?5destructor?8@ 1000e6c8     libvcruntime:undname.obj
 0002:000006e8       ??_C@_0BO@PFGOCPJJ@?$GAvector?5constructor?5iterator?8@ 1000e6e8     libvcruntime:undname.obj
 0002:00000708       ??_C@_0BN@LFPFMEDL@?$GAvector?5destructor?5iterator?8@ 1000e708     libvcruntime:undname.obj
 0002:00000728       ??_C@_0CE@IKBNEHA@?$GAvector?5vbase?5constructor?5itera@ 1000e728     libvcruntime:undname.obj
 0002:0000074c       ??_C@_0BL@NILFHHPC@?$GAvirtual?5displacement?5map?8@ 1000e74c     libvcruntime:undname.obj
 0002:00000768       ??_C@_0CB@JONCMFFK@?$GAeh?5vector?5constructor?5iterator@ 1000e768     libvcruntime:undname.obj
 0002:0000078c       ??_C@_0CA@GCEOPDGL@?$GAeh?5vector?5destructor?5iterator?8@ 1000e78c     libvcruntime:undname.obj
 0002:000007ac       ??_C@_0CH@OOJPLCPH@?$GAeh?5vector?5vbase?5constructor?5it@ 1000e7ac     libvcruntime:undname.obj
 0002:000007d4       ??_C@_0BL@LLKPOHJI@?$GAcopy?5constructor?5closure?8@ 1000e7d4     libvcruntime:undname.obj
 0002:000007f0       ??_C@_0BA@KBCDOMBN@?$GAudt?5returning?8@ 1000e7f0     libvcruntime:undname.obj
 0002:00000800       ??_C@_03KLGMFNMG@?$GAEH@   1000e800     libvcruntime:undname.obj
 0002:00000804       ??_C@_05KHLCHHI@?$GARTTI@  1000e804     libvcruntime:undname.obj
 0002:0000080c       ??_C@_0BA@KKLDJDLB@?$GAlocal?5vftable?8@ 1000e80c     libvcruntime:undname.obj
 0002:0000081c       ??_C@_0CE@IIHCMGGL@?$GAlocal?5vftable?5constructor?5clos@ 1000e81c     libvcruntime:undname.obj
 0002:00000840       ??_C@_06FHBGPFGH@?5new?$FL?$FN@ 1000e840     libvcruntime:undname.obj
 0002:00000848       ??_C@_09LBNFPBCA@?5delete?$FL?$FN@ 1000e848     libvcruntime:undname.obj
 0002:00000854       ??_C@_0P@HJKNJFNN@?$GAomni?5callsig?8@ 1000e854     libvcruntime:undname.obj
 0002:00000864       ??_C@_0BL@CNOONJFP@?$GAplacement?5delete?5closure?8@ 1000e864     libvcruntime:undname.obj
 0002:00000880       ??_C@_0BN@CKNJLHMB@?$GAplacement?5delete?$FL?$FN?5closure?8@ 1000e880     libvcruntime:undname.obj
 0002:000008a0       ??_C@_0CG@CFDHKGGD@?$GAmanaged?5vector?5constructor?5ite@ 1000e8a0     libvcruntime:undname.obj
 0002:000008c8       ??_C@_0CF@IMGKMJNO@?$GAmanaged?5vector?5destructor?5iter@ 1000e8c8     libvcruntime:undname.obj
 0002:000008f0       ??_C@_0CG@HLDDJMAG@?$GAeh?5vector?5copy?5constructor?5ite@ 1000e8f0     libvcruntime:undname.obj
 0002:00000918       ??_C@_0CM@FCBBDIGB@?$GAeh?5vector?5vbase?5copy?5construct@ 1000e918     libvcruntime:undname.obj
 0002:00000944       ??_C@_0BL@CLIPGLGB@?$GAdynamic?5initializer?5for?5?8@ 1000e944     libvcruntime:undname.obj
 0002:00000960       ??_C@_0CB@PDBIFEP@?$GAdynamic?5atexit?5destructor?5for?5@ 1000e960     libvcruntime:undname.obj
 0002:00000984       ??_C@_0CD@CGAJBKEJ@?$GAvector?5copy?5constructor?5iterat@ 1000e984     libvcruntime:undname.obj
 0002:000009a8       ??_C@_0CJ@GJELGAMM@?$GAvector?5vbase?5copy?5constructor?5@ 1000e9a8     libvcruntime:undname.obj
 0002:000009d4       ??_C@_0CL@FGIJHLCE@?$GAmanaged?5vector?5copy?5constructo@ 1000e9d4     libvcruntime:undname.obj
 0002:00000a00       ??_C@_0BM@PMGGMLDN@?$GAlocal?5static?5thread?5guard?8@ 1000ea00     libvcruntime:undname.obj
 0002:00000a1c       ??_C@_0N@BDNMDMOL@operator?5?$CC?$CC?5@ 1000ea1c     libvcruntime:undname.obj
 0002:00000a2c       ??_C@_0BC@GGEBGALA@operator?5co_await@ 1000ea2c     libvcruntime:undname.obj
 0002:00000a40       ??_C@_0BC@DAFEJGAK@?5Type?5Descriptor?8@ 1000ea40     libvcruntime:undname.obj
 0002:00000a54       ??_C@_0BM@LDKODKLH@?5Base?5Class?5Descriptor?5at?5?$CI@ 1000ea54     libvcruntime:undname.obj
 0002:00000a70       ??_C@_0BD@LGICGFMM@?5Base?5Class?5Array?8@ 1000ea70     libvcruntime:undname.obj
 0002:00000a84       ??_C@_0BN@MECKDCOJ@?5Class?5Hierarchy?5Descriptor?8@ 1000ea84     libvcruntime:undname.obj
 0002:00000aa4       ??_C@_0BK@CFCOFLF@?5Complete?5Object?5Locator?8@ 1000eaa4     libvcruntime:undname.obj
 0002:00000ac0       __pDestructExceptionObject 1000eac0     libvcruntime:ehhelpers.obj
 0002:00000ac8       ___acrt_exception_action_table 1000eac8     libucrt:exception_filter.obj
 0002:00000b58       ___acrt_signal_action_table_count 1000eb58     libucrt:exception_filter.obj
 0002:00000b5c       ___acrt_signal_action_first_fpe_index 1000eb5c     libucrt:exception_filter.obj
 0002:00000b60       ___acrt_signal_action_fpe_count 1000eb60     libucrt:exception_filter.obj
 0002:00000b64       ??_C@_1BI@BGOHAHKC@?$AAm?$AAs?$AAc?$AAo?$AAr?$AAe?$AAe?$AA?4?$AAd?$AAl?$AAl?$AA?$AA@ 1000eb64     libucrt:exit.obj
 0002:00000b7c       ??_C@_0P@MIGLKIOC@CorExitProcess?$AA@ 1000eb7c     libucrt:exit.obj
 0002:00000d78       ___lc_time_c               1000ed78     libucrt:nlsdata.obj
 0002:00000edc       ??_C@_03KOEHGMDN@Sun?$AA@  1000eedc     libucrt:nlsdata.obj
 0002:00000ee0       ??_C@_03PDAGKDH@Mon?$AA@   1000eee0     libucrt:nlsdata.obj
 0002:00000ee4       ??_C@_03NAGEINEP@Tue?$AA@  1000eee4     libucrt:nlsdata.obj
 0002:00000ee8       ??_C@_03MHOMLAJA@Wed?$AA@  1000eee8     libucrt:nlsdata.obj
 0002:00000eec       ??_C@_03IOFIKPDN@Thu?$AA@  1000eeec     libucrt:nlsdata.obj
 0002:00000ef0       ??_C@_03IDIOELNC@Fri?$AA@  1000eef0     libucrt:nlsdata.obj
 0002:00000ef4       ??_C@_03FEFJNEK@Sat?$AA@   1000eef4     libucrt:nlsdata.obj
 0002:00000ef8       ??_C@_06OOPIFAJ@Sunday?$AA@ 1000eef8     libucrt:nlsdata.obj
 0002:00000f00       ??_C@_06JLEDEDGH@Monday?$AA@ 1000ef00     libucrt:nlsdata.obj
 0002:00000f08       ??_C@_07BAAGCFCM@Tuesday?$AA@ 1000ef08     libucrt:nlsdata.obj
 0002:00000f10       ??_C@_09DLIGFAKA@Wednesday?$AA@ 1000ef10     libucrt:nlsdata.obj
 0002:00000f1c       ??_C@_08HACCIKIA@Thursday?$AA@ 1000ef1c     libucrt:nlsdata.obj
 0002:00000f28       ??_C@_06JECMNKMI@Friday?$AA@ 1000ef28     libucrt:nlsdata.obj
 0002:00000f30       ??_C@_08INBOOONO@Saturday?$AA@ 1000ef30     libucrt:nlsdata.obj
 0002:00000f3c       ??_C@_03JIHJHPIE@Jan?$AA@  1000ef3c     libucrt:nlsdata.obj
 0002:00000f40       ??_C@_03HJBDCHOM@Feb?$AA@  1000ef40     libucrt:nlsdata.obj
 0002:00000f44       ??_C@_03ODNJBKGA@Mar?$AA@  1000ef44     libucrt:nlsdata.obj
 0002:00000f48       ??_C@_03LEOLGMJP@Apr?$AA@  1000ef48     libucrt:nlsdata.obj
 0002:00000f4c       ??_C@_03CNMDKL@May?$AA@    1000ef4c     libucrt:nlsdata.obj
 0002:00000f50       ??_C@_03IDFGHECI@Jun?$AA@  1000ef50     libucrt:nlsdata.obj
 0002:00000f54       ??_C@_03LBGABGKK@Jul?$AA@  1000ef54     libucrt:nlsdata.obj
 0002:00000f58       ??_C@_03IFJFEIGA@Aug?$AA@  1000ef58     libucrt:nlsdata.obj
 0002:00000f5c       ??_C@_03GGCAPAJC@Sep?$AA@  1000ef5c     libucrt:nlsdata.obj
 0002:00000f60       ??_C@_03BMAOKBAD@Oct?$AA@  1000ef60     libucrt:nlsdata.obj
 0002:00000f64       ??_C@_03JPJOFNIA@Nov?$AA@  1000ef64     libucrt:nlsdata.obj
 0002:00000f68       ??_C@_03MKABNOCG@Dec?$AA@  1000ef68     libucrt:nlsdata.obj
 0002:00000f6c       ??_C@_07CGJPFGJA@January?$AA@ 1000ef6c     libucrt:nlsdata.obj
 0002:00000f74       ??_C@_08GNJGEPFN@February?$AA@ 1000ef74     libucrt:nlsdata.obj
 0002:00000f80       ??_C@_05HPCKOFNC@March?$AA@ 1000ef80     libucrt:nlsdata.obj
 0002:00000f88       ??_C@_05DMJDNLEJ@April?$AA@ 1000ef88     libucrt:nlsdata.obj
 0002:00000f90       ??_C@_04CNLMGBGM@June?$AA@ 1000ef90     libucrt:nlsdata.obj
 0002:00000f98       ??_C@_04MIEPOIFP@July?$AA@ 1000ef98     libucrt:nlsdata.obj
 0002:00000fa0       ??_C@_06LBBHFDDG@August?$AA@ 1000efa0     libucrt:nlsdata.obj
 0002:00000fa8       ??_C@_09BHHEALKD@September?$AA@ 1000efa8     libucrt:nlsdata.obj
 0002:00000fb4       ??_C@_07JJNFCEND@October?$AA@ 1000efb4     libucrt:nlsdata.obj
 0002:00000fbc       ??_C@_08HCHEGEOA@November?$AA@ 1000efbc     libucrt:nlsdata.obj
 0002:00000fc8       ??_C@_08EDHMEBNP@December?$AA@ 1000efc8     libucrt:nlsdata.obj
 0002:00000fd4       ??_C@_02DEDBPAFC@AM?$AA@   1000efd4     libucrt:nlsdata.obj
 0002:00000fd8       ??_C@_02CJNFDJBF@PM?$AA@   1000efd8     libucrt:nlsdata.obj
 0002:00000fdc       ??_C@_08BPBNCDIB@MM?1dd?1yy?$AA@ 1000efdc     libucrt:nlsdata.obj
 0002:00000fe8       ??_C@_0BE@CKGJFCPC@dddd?0?5MMMM?5dd?0?5yyyy?$AA@ 1000efe8     libucrt:nlsdata.obj
 0002:00000ffc       ??_C@_08JCCMCCIL@HH?3mm?3ss?$AA@ 1000effc     libucrt:nlsdata.obj
 0002:00001008       ??_C@_17MBGCMIPB@?$AAS?$AAu?$AAn?$AA?$AA@ 1000f008     libucrt:nlsdata.obj
 0002:00001010       ??_C@_17KBOMKBF@?$AAM?$AAo?$AAn?$AA?$AA@ 1000f010     libucrt:nlsdata.obj
 0002:00001018       ??_C@_17BMKGEGOJ@?$AAT?$AAu?$AAe?$AA?$AA@ 1000f018     libucrt:nlsdata.obj
 0002:00001020       ??_C@_17CJEDCEPE@?$AAW?$AAe?$AAd?$AA?$AA@ 1000f020     libucrt:nlsdata.obj
 0002:00001028       ??_C@_17PDPHAADD@?$AAT?$AAh?$AAu?$AA?$AA@ 1000f028     libucrt:nlsdata.obj
 0002:00001030       ??_C@_17HFOLPPLP@?$AAF?$AAr?$AAi?$AA?$AA@ 1000f030     libucrt:nlsdata.obj
 0002:00001038       ??_C@_17GGIBDPIH@?$AAS?$AAa?$AAt?$AA?$AA@ 1000f038     libucrt:nlsdata.obj
 0002:00001040       ??_C@_1O@IHNHDHPB@?$AAS?$AAu?$AAn?$AAd?$AAa?$AAy?$AA?$AA@ 1000f040     libucrt:nlsdata.obj
 0002:00001050       ??_C@_1O@MMNBFLIA@?$AAM?$AAo?$AAn?$AAd?$AAa?$AAy?$AA?$AA@ 1000f050     libucrt:nlsdata.obj
 0002:00001060       ??_C@_1BA@ENFBFFEK@?$AAT?$AAu?$AAe?$AAs?$AAd?$AAa?$AAy?$AA?$AA@ 1000f060     libucrt:nlsdata.obj
 0002:00001070       ??_C@_1BE@EBOGMDOH@?$AAW?$AAe?$AAd?$AAn?$AAe?$AAs?$AAd?$AAa?$AAy?$AA?$AA@ 1000f070     libucrt:nlsdata.obj
 0002:00001084       ??_C@_1BC@HHMNLIHE@?$AAT?$AAh?$AAu?$AAr?$AAs?$AAd?$AAa?$AAy?$AA?$AA@ 1000f084     libucrt:nlsdata.obj
 0002:00001098       ??_C@_1O@PDICJHAG@?$AAF?$AAr?$AAi?$AAd?$AAa?$AAy?$AA?$AA@ 1000f098     libucrt:nlsdata.obj
 0002:000010a8       ??_C@_1BC@ENMNNPAJ@?$AAS?$AAa?$AAt?$AAu?$AAr?$AAd?$AAa?$AAy?$AA?$AA@ 1000f0a8     libucrt:nlsdata.obj
 0002:000010bc       ??_C@_17DKNBKCHM@?$AAJ?$AAa?$AAn?$AA?$AA@ 1000f0bc     libucrt:nlsdata.obj
 0002:000010c4       ??_C@_17LMDJEKJN@?$AAF?$AAe?$AAb?$AA?$AA@ 1000f0c4     libucrt:nlsdata.obj
 0002:000010cc       ??_C@_17CKNLEDEC@?$AAM?$AAa?$AAr?$AA?$AA@ 1000f0cc     libucrt:nlsdata.obj
 0002:000010d4       ??_C@_17LFPOIHDD@?$AAA?$AAp?$AAr?$AA?$AA@ 1000f0d4     libucrt:nlsdata.obj
 0002:000010dc       ??_C@_17PNNKMEED@?$AAM?$AAa?$AAy?$AA?$AA@ 1000f0dc     libucrt:nlsdata.obj
 0002:000010e4       ??_C@_17KCJGOCPB@?$AAJ?$AAu?$AAn?$AA?$AA@ 1000f0e4     libucrt:nlsdata.obj
 0002:000010ec       ??_C@_17IJPCKHK@?$AAJ?$AAu?$AAl?$AA?$AA@ 1000f0ec     libucrt:nlsdata.obj
 0002:000010f4       ??_C@_17ICPELBCN@?$AAA?$AAu?$AAg?$AA?$AA@ 1000f0f4     libucrt:nlsdata.obj
 0002:000010fc       ??_C@_17HCHCOKMG@?$AAS?$AAe?$AAp?$AA?$AA@ 1000f0fc     libucrt:nlsdata.obj
 0002:00001104       ??_C@_17FNLKOI@?$AAO?$AAc?$AAt?$AA?$AA@ 1000f104     libucrt:nlsdata.obj
 0002:0000110c       ??_C@_17BBDMLCIG@?$AAN?$AAo?$AAv?$AA?$AA@ 1000f10c     libucrt:nlsdata.obj
 0002:00001114       ??_C@_17EGKACKIF@?$AAD?$AAe?$AAc?$AA?$AA@ 1000f114     libucrt:nlsdata.obj
 0002:0000111c       ??_C@_1BA@EFMEIEBA@?$AAJ?$AAa?$AAn?$AAu?$AAa?$AAr?$AAy?$AA?$AA@ 1000f11c     libucrt:nlsdata.obj
 0002:0000112c       ??_C@_1BC@JGDDFFAM@?$AAF?$AAe?$AAb?$AAr?$AAu?$AAa?$AAr?$AAy?$AA?$AA@ 1000f12c     libucrt:nlsdata.obj
 0002:00001140       ??_C@_1M@IKEENEDF@?$AAM?$AAa?$AAr?$AAc?$AAh?$AA?$AA@ 1000f140     libucrt:nlsdata.obj
 0002:0000114c       ??_C@_1M@GJNLMHFD@?$AAA?$AAp?$AAr?$AAi?$AAl?$AA?$AA@ 1000f14c     libucrt:nlsdata.obj
 0002:00001158       ??_C@_19EPFLPGAP@?$AAJ?$AAu?$AAn?$AAe?$AA?$AA@ 1000f158     libucrt:nlsdata.obj
 0002:00001164       ??_C@_19BIFMLPCD@?$AAJ?$AAu?$AAl?$AAy?$AA?$AA@ 1000f164     libucrt:nlsdata.obj
 0002:00001170       ??_C@_1O@PAHLKOAC@?$AAA?$AAu?$AAg?$AAu?$AAs?$AAt?$AA?$AA@ 1000f170     libucrt:nlsdata.obj
 0002:00001180       ??_C@_1BE@DKAAMBJL@?$AAS?$AAe?$AAp?$AAt?$AAe?$AAm?$AAb?$AAe?$AAr?$AA?$AA@ 1000f180     libucrt:nlsdata.obj
 0002:00001194       ??_C@_1BA@EPANDLNG@?$AAO?$AAc?$AAt?$AAo?$AAb?$AAe?$AAr?$AA?$AA@ 1000f194     libucrt:nlsdata.obj
 0002:000011a4       ??_C@_1BC@BGLIFPF@?$AAN?$AAo?$AAv?$AAe?$AAm?$AAb?$AAe?$AAr?$AA?$AA@ 1000f1a4     libucrt:nlsdata.obj
 0002:000011b8       ??_C@_1BC@FEMKIFH@?$AAD?$AAe?$AAc?$AAe?$AAm?$AAb?$AAe?$AAr?$AA?$AA@ 1000f1b8     libucrt:nlsdata.obj
 0002:000011cc       ??_C@_15ODEHAHHF@?$AAA?$AAM?$AA?$AA@ 1000f1cc     libucrt:nlsdata.obj
 0002:000011d4       ??_C@_15CLMNNGEL@?$AAP?$AAM?$AA?$AA@ 1000f1d4     libucrt:nlsdata.obj
 0002:000011dc       ??_C@_1BC@IEBCMHCM@?$AAM?$AAM?$AA?1?$AAd?$AAd?$AA?1?$AAy?$AAy?$AA?$AA@ 1000f1dc     libucrt:nlsdata.obj
 0002:000011f0       ??_C@_1CI@KNAKOEBC@?$AAd?$AAd?$AAd?$AAd?$AA?0?$AA?5?$AAM?$AAM?$AAM?$AAM?$AA?5?$AAd?$AAd?$AA?0?$AA?5?$AAy?$AAy?$AAy?$AAy?$AA?$AA@ 1000f1f0     libucrt:nlsdata.obj
 0002:00001218       ??_C@_1BC@GDGBMEMK@?$AAH?$AAH?$AA?3?$AAm?$AAm?$AA?3?$AAs?$AAs?$AA?$AA@ 1000f218     libucrt:nlsdata.obj
 0002:0000122c       ??_C@_1M@BMHNFIME@?$AAe?$AAn?$AA?9?$AAU?$AAS?$AA?$AA@ 1000f22c     libucrt:nlsdata.obj
 0002:00001248       ??_C@_1M@HPNHIDJI@?$AAj?$AAa?$AA?9?$AAJ?$AAP?$AA?$AA@ 1000f248     libucrt:mbctype.obj
 0002:00001254       ??_C@_1M@BIBDDEMK@?$AAz?$AAh?$AA?9?$AAC?$AAN?$AA?$AA@ 1000f254     libucrt:mbctype.obj
 0002:00001260       ??_C@_1M@JLOOOEGK@?$AAk?$AAo?$AA?9?$AAK?$AAR?$AA?$AA@ 1000f260     libucrt:mbctype.obj
 0002:0000126c       ??_C@_1M@CLNBBOPM@?$AAz?$AAh?$AA?9?$AAT?$AAW?$AA?$AA@ 1000f26c     libucrt:mbctype.obj
 0002:000012c8       ??_C@_1EA@JGEFHKEI@?$AAa?$AAp?$AAi?$AA?9?$AAm?$AAs?$AA?9?$AAw?$AAi?$AAn?$AA?9?$AAc?$AAo?$AAr?$AAe?$AA?9?$AAd?$AAa?$AAt?$AAe?$AAt?$AAi?$AAm?$AAe?$AA?9?$AAl?$AA1?$AA?9?$AA1?$AA?9?$AA1?$AA?$AA@ 1000f2c8     libucrt:winapi_thunks.obj
 0002:00001308       ??_C@_1DM@KHCHBNEB@?$AAa?$AAp?$AAi?$AA?9?$AAm?$AAs?$AA?9?$AAw?$AAi?$AAn?$AA?9?$AAc?$AAo?$AAr?$AAe?$AA?9?$AAf?$AAi?$AAb?$AAe?$AAr?$AAs?$AA?9?$AAl?$AA1?$AA?9?$AA1?$AA?9?$AA1?$AA?$AA@ 1000f308     libucrt:winapi_thunks.obj
 0002:00001344       ??_C@_1DI@IJCEHOCB@?$AAa?$AAp?$AAi?$AA?9?$AAm?$AAs?$AA?9?$AAw?$AAi?$AAn?$AA?9?$AAc?$AAo?$AAr?$AAe?$AA?9?$AAf?$AAi?$AAl?$AAe?$AA?9?$AAl?$AA1?$AA?9?$AA2?$AA?9?$AA2?$AA?$AA@ 1000f344     libucrt:winapi_thunks.obj
 0002:00001380       ??_C@_1EI@MPIAOHOC@?$AAa?$AAp?$AAi?$AA?9?$AAm?$AAs?$AA?9?$AAw?$AAi?$AAn?$AA?9?$AAc?$AAo?$AAr?$AAe?$AA?9?$AAl?$AAo?$AAc?$AAa?$AAl?$AAi?$AAz?$AAa?$AAt?$AAi?$AAo?$AAn?$AA?9?$AAl?$AA1?$AA?9@ 1000f380     libucrt:winapi_thunks.obj
 0002:000013c8       ??_C@_1FK@FPHCKFIE@?$AAa?$AAp?$AAi?$AA?9?$AAm?$AAs?$AA?9?$AAw?$AAi?$AAn?$AA?9?$AAc?$AAo?$AAr?$AAe?$AA?9?$AAl?$AAo?$AAc?$AAa?$AAl?$AAi?$AAz?$AAa?$AAt?$AAi?$AAo?$AAn?$AA?9?$AAo?$AAb?$AAs@ 1000f3c8     libucrt:winapi_thunks.obj
 0002:00001428       ??_C@_1EM@DILCGIIO@?$AAa?$AAp?$AAi?$AA?9?$AAm?$AAs?$AA?9?$AAw?$AAi?$AAn?$AA?9?$AAc?$AAo?$AAr?$AAe?$AA?9?$AAp?$AAr?$AAo?$AAc?$AAe?$AAs?$AAs?$AAt?$AAh?$AAr?$AAe?$AAa?$AAd?$AAs?$AA?9?$AAl@ 1000f428     libucrt:winapi_thunks.obj
 0002:00001474       ??_C@_1DM@LNCGDDPN@?$AAa?$AAp?$AAi?$AA?9?$AAm?$AAs?$AA?9?$AAw?$AAi?$AAn?$AA?9?$AAc?$AAo?$AAr?$AAe?$AA?9?$AAs?$AAt?$AAr?$AAi?$AAn?$AAg?$AA?9?$AAl?$AA1?$AA?9?$AA1?$AA?9?$AA0?$AA?$AA@ 1000f474     libucrt:winapi_thunks.obj
 0002:000014b0       ??_C@_1DK@LPPGFMPP@?$AAa?$AAp?$AAi?$AA?9?$AAm?$AAs?$AA?9?$AAw?$AAi?$AAn?$AA?9?$AAc?$AAo?$AAr?$AAe?$AA?9?$AAs?$AAy?$AAn?$AAc?$AAh?$AA?9?$AAl?$AA1?$AA?9?$AA2?$AA?9?$AA0?$AA?$AA@ 1000f4b0     libucrt:winapi_thunks.obj
 0002:000014ec       ??_C@_1DO@FPAPJEMD@?$AAa?$AAp?$AAi?$AA?9?$AAm?$AAs?$AA?9?$AAw?$AAi?$AAn?$AA?9?$AAc?$AAo?$AAr?$AAe?$AA?9?$AAs?$AAy?$AAs?$AAi?$AAn?$AAf?$AAo?$AA?9?$AAl?$AA1?$AA?9?$AA2?$AA?9?$AA1?$AA?$AA@ 1000f4ec     libucrt:winapi_thunks.obj
 0002:0000152c       ??_C@_1DK@NDHNAHIO@?$AAa?$AAp?$AAi?$AA?9?$AAm?$AAs?$AA?9?$AAw?$AAi?$AAn?$AA?9?$AAc?$AAo?$AAr?$AAe?$AA?9?$AAw?$AAi?$AAn?$AAr?$AAt?$AA?9?$AAl?$AA1?$AA?9?$AA1?$AA?9?$AA0?$AA?$AA@ 1000f52c     libucrt:winapi_thunks.obj
 0002:00001568       ??_C@_1DM@KGHDGBCM@?$AAa?$AAp?$AAi?$AA?9?$AAm?$AAs?$AA?9?$AAw?$AAi?$AAn?$AA?9?$AAc?$AAo?$AAr?$AAe?$AA?9?$AAx?$AAs?$AAt?$AAa?$AAt?$AAe?$AA?9?$AAl?$AA2?$AA?9?$AA1?$AA?9?$AA0?$AA?$AA@ 1000f568     libucrt:winapi_thunks.obj
 0002:000015a8       ??_C@_1EO@IJIOEFOH@?$AAa?$AAp?$AAi?$AA?9?$AAm?$AAs?$AA?9?$AAw?$AAi?$AAn?$AA?9?$AAr?$AAt?$AAc?$AAo?$AAr?$AAe?$AA?9?$AAn?$AAt?$AAu?$AAs?$AAe?$AAr?$AA?9?$AAw?$AAi?$AAn?$AAd?$AAo?$AAw?$AA?9@ 1000f5a8     libucrt:winapi_thunks.obj
 0002:000015f8       ??_C@_1FG@HHGEKANL@?$AAa?$AAp?$AAi?$AA?9?$AAm?$AAs?$AA?9?$AAw?$AAi?$AAn?$AA?9?$AAs?$AAe?$AAc?$AAu?$AAr?$AAi?$AAt?$AAy?$AA?9?$AAs?$AAy?$AAs?$AAt?$AAe?$AAm?$AAf?$AAu?$AAn?$AAc?$AAt?$AAi@ 1000f5f8     libucrt:winapi_thunks.obj
 0002:00001650       ??_C@_1EG@DBIOJECG@?$AAe?$AAx?$AAt?$AA?9?$AAm?$AAs?$AA?9?$AAw?$AAi?$AAn?$AA?9?$AAn?$AAt?$AAu?$AAs?$AAe?$AAr?$AA?9?$AAd?$AAi?$AAa?$AAl?$AAo?$AAg?$AAb?$AAo?$AAx?$AA?9?$AAl?$AA1?$AA?9?$AA1@ 1000f650     libucrt:winapi_thunks.obj
 0002:00001698       ??_C@_1EO@FIHMJCLF@?$AAe?$AAx?$AAt?$AA?9?$AAm?$AAs?$AA?9?$AAw?$AAi?$AAn?$AA?9?$AAn?$AAt?$AAu?$AAs?$AAe?$AAr?$AA?9?$AAw?$AAi?$AAn?$AAd?$AAo?$AAw?$AAs?$AAt?$AAa?$AAt?$AAi?$AAo?$AAn?$AA?9@ 1000f698     libucrt:winapi_thunks.obj
 0002:000016e8       ??_C@_1BC@DNHGCMLG@?$AAa?$AAd?$AAv?$AAa?$AAp?$AAi?$AA3?$AA2?$AA?$AA@ 1000f6e8     libucrt:winapi_thunks.obj
 0002:000016fc       ??_C@_1BC@GDMECMAK@?$AAk?$AAe?$AAr?$AAn?$AAe?$AAl?$AA3?$AA2?$AA?$AA@ 1000f6fc     libucrt:winapi_thunks.obj
 0002:00001710       ??_C@_1M@OAIMIKLP@?$AAn?$AAt?$AAd?$AAl?$AAl?$AA?$AA@ 1000f710     libucrt:winapi_thunks.obj
 0002:00001720       ??_C@_1EG@DPGNFKGC@?$AAa?$AAp?$AAi?$AA?9?$AAm?$AAs?$AA?9?$AAw?$AAi?$AAn?$AA?9?$AAa?$AAp?$AAp?$AAm?$AAo?$AAd?$AAe?$AAl?$AA?9?$AAr?$AAu?$AAn?$AAt?$AAi?$AAm?$AAe?$AA?9?$AAl?$AA1?$AA?9?$AA1@ 1000f720     libucrt:winapi_thunks.obj
 0002:00001768       ??_C@_1O@BCCLBEOE@?$AAu?$AAs?$AAe?$AAr?$AA3?$AA2?$AA?$AA@ 1000f768     libucrt:winapi_thunks.obj
 0002:00001778       ??_C@_1BA@PFFKHIOG@?$AAa?$AAp?$AAi?$AA?9?$AAm?$AAs?$AA?9?$AA?$AA@ 1000f778     libucrt:winapi_thunks.obj
 0002:00001788       ??_C@_1BA@IAIFMGEF@?$AAe?$AAx?$AAt?$AA?9?$AAm?$AAs?$AA?9?$AA?$AA@ 1000f788     libucrt:winapi_thunks.obj
 0002:0000179c       ??_C@_0BA@FHFNEAED@AreFileApisANSI?$AA@ 1000f79c     libucrt:winapi_thunks.obj
 0002:000017b4       ??_C@_08KNHFBNJ@FlsAlloc?$AA@ 1000f7b4     libucrt:winapi_thunks.obj
 0002:000017c8       ??_C@_07PEJMOBNF@FlsFree?$AA@ 1000f7c8     libucrt:winapi_thunks.obj
 0002:000017d8       ??_C@_0M@GDNOONDI@FlsGetValue?$AA@ 1000f7d8     libucrt:winapi_thunks.obj
 0002:000017ec       ??_C@_0M@JCPCPOEF@FlsSetValue?$AA@ 1000f7ec     libucrt:winapi_thunks.obj
 0002:00001800       ??_C@_0BM@HCFOFFN@InitializeCriticalSectionEx?$AA@ 1000f800     libucrt:winapi_thunks.obj
 0002:00001824       ??_C@_0O@KKBNKAPF@LCMapStringEx?$AA@ 1000f824     libucrt:winapi_thunks.obj
 0002:0000183c       ??_C@_0BB@HBDEELFH@LocaleNameToLCID?$AA@ 1000f83c     libucrt:winapi_thunks.obj
 0002:00001854       ??_C@_0CF@OJOFEIGO@AppPolicyGetProcessTerminationMe@ 1000f854     libucrt:winapi_thunks.obj
 0002:00001880       ___newctype                1000f880     libucrt:ctype.obj
 0002:00001b80       ___newclmap                1000fb80     libucrt:ctype.obj
 0002:00001d00       ___newcumap                1000fd00     libucrt:ctype.obj
 0002:00001e80       ??_C@_15PJPFLCCM@?$AAu?$AAk?$AA?$AA@ 1000fe80     libucrt:get_qualified_locale.obj
 0002:000025a8       ??_C@_15EMKDOKLE@?$AAa?$AAr?$AA?$AA@ 100105a8     libucrt:lcidtoname_downlevel.obj
 0002:000025b0       ??_C@_15KNPADPLH@?$AAb?$AAg?$AA?$AA@ 100105b0     libucrt:lcidtoname_downlevel.obj
 0002:000025b8       ??_C@_15EDMHLDMO@?$AAc?$AAa?$AA?$AA@ 100105b8     libucrt:lcidtoname_downlevel.obj
 0002:000025c0       ??_C@_1O@BPEAJADD@?$AAz?$AAh?$AA?9?$AAC?$AAH?$AAS?$AA?$AA@ 100105c0     libucrt:lcidtoname_downlevel.obj
 0002:000025d0       ??_C@_15LJNHCMNK@?$AAc?$AAs?$AA?$AA@ 100105d0     libucrt:lcidtoname_downlevel.obj
 0002:000025d8       ??_C@_15FOMCIDHG@?$AAd?$AAa?$AA?$AA@ 100105d8     libucrt:lcidtoname_downlevel.obj
 0002:000025e0       ??_C@_15NBKABECB@?$AAd?$AAe?$AA?$AA@ 100105e0     libucrt:lcidtoname_downlevel.obj
 0002:000025e8       ??_C@_15GHPEIIAO@?$AAe?$AAl?$AA?$AA@ 100105e8     libucrt:lcidtoname_downlevel.obj
 0002:000025f0       ??_C@_15MNPNEAIF@?$AAe?$AAn?$AA?$AA@ 100105f0     libucrt:lcidtoname_downlevel.obj
 0002:000025f8       ??_C@_15GPIOMPMH@?$AAe?$AAs?$AA?$AA@ 100105f8     libucrt:lcidtoname_downlevel.obj
 0002:00002600       ??_C@_15NGLOAKJC@?$AAf?$AAi?$AA?$AA@ 10010600     libucrt:lcidtoname_downlevel.obj
 0002:00002608       ??_C@_15FBKGNKAM@?$AAf?$AAr?$AA?$AA@ 10010608     libucrt:lcidtoname_downlevel.obj
 0002:00002610       ??_C@_15KGGCNEFK@?$AAh?$AAe?$AA?$AA@ 10010610     libucrt:lcidtoname_downlevel.obj
 0002:00002618       ??_C@_15PGHLIDMF@?$AAh?$AAu?$AA?$AA@ 10010618     libucrt:lcidtoname_downlevel.obj
 0002:00002620       ??_C@_15BIEMAPLM@?$AAi?$AAs?$AA?$AA@ 10010620     libucrt:lcidtoname_downlevel.obj
 0002:00002628       ??_C@_15IFJLDHAF@?$AAi?$AAt?$AA?$AA@ 10010628     libucrt:lcidtoname_downlevel.obj
[...]
 0001:0000b270       $$000000                   1000c270     libucrt:common.obj
 0001:0000b400       $$000000                   1000c400     libucrt:genexcep.obj
 0001:0000c9b0       $$000000                   1000d9b0     LIBCMT:ulldvrm.obj
 0001:0000ca50       $$000000                   1000da50     LIBCMT:llmul.obj
 0001:0000ca90       $$000000                   1000da90     LIBCMT:lldvrm.obj
 0001:0000cb70       $$000000                   1000db70     LIBCMT:ullshr.obj
 0001:0000cb90       $$000000                   1000db90     LIBCMT:alloca16.obj
 0001:0000cbc0       $$000000                   1000dbc0     LIBCMT:chkstk.obj
 0001:0000cbf0       $$000000                   1000dbf0     LIBCMT:llshl.obj
 0001:0000cc10       $$000000                   1000dc10     LIBCMT:ftol2.obj
 0001:0000ccd0       $$000000                   1000dcd0     libvcruntime:strchr.obj
 0001:0000ce00       $$000000                   1000de00     libvcruntime:strrchr.obj
 0001:0000cf40       ??__F?constructor@ClassExample@@0VFunctionReference@Napi@@A@@YAXXZ 1000df40 f   classexample.obj
 0002:00000120       ??constructor$initializer$@ClassExample@@0P6AXXZA@@3P6AXXZA 1000e120     classexample.obj
 0002:000001b4       _GS_ExceptionPointers      1000e1b4     LIBCMT:gs_report.obj
 0002:000001e0       ?ExceptionTemplate@?1??_CxxThrowException@@9@8@4UEHExceptionRecord@@B 1000e1e0     libvcruntime:throw.obj
 0002:00000200       ?module_names@?A0x5d2a34d3@@3QBQB_WB 1000e200     libvcruntime:winapi_downlevel.obj
 0002:000002b8       ?candidate_modules@?1??try_get_FlsAlloc@@YAP6GKP6GXPAX@Z@ZXZ@4QBW4module_id@?A0x5d2a34d3@@B 1000e2b8     libvcruntime:winapi_downlevel.obj
 0002:000002cc       ?candidate_modules@?1??try_get_FlsFree@@YAP6GHK@ZXZ@4QBW4module_id@?A0x5d2a34d3@@B 1000e2cc     libvcruntime:winapi_downlevel.obj
 0002:000002dc       ?candidate_modules@?1??try_get_FlsGetValue@@YAP6GPAXK@ZXZ@4QBW4module_id@?A0x5d2a34d3@@B 1000e2dc     libvcruntime:winapi_downlevel.obj
 0002:000002f0       ?candidate_modules@?1??try_get_FlsSetValue@@YAP6GHKPAX@ZXZ@4QBW4module_id@?A0x5d2a34d3@@B 1000e2f0     libvcruntime:winapi_downlevel.obj
 0002:00000304       ?candidate_modules@?1??try_get_InitializeCriticalSectionEx@@YAP6GHPAU_RTL_CRITICAL_SECTION@@KK@ZXZ@4QBW4module_id@?A0x5d2a34d3@@B 1000e304     libvcruntime:winapi_downlevel.obj
 0002:00000328       ?tokenTable@@3QBQBDB       1000e328     libvcruntime:undname.obj
 0002:00000368       ?nameTable@@3QBQBDB        1000e368     libvcruntime:undname.obj
 0002:000004b0       ?rttiTable@@3QBQBDB        1000e4b0     libvcruntime:undname.obj
 0002:00000b90       ___acrt_initializers       1000eb90     libucrt:initialization.obj
 0002:00000c10       ?errtable@@3QBUerrentry@?A0x31fdb9ec@@B 1000ec10     libucrt:errno.obj
 0002:00001238       ?_mb_locale_names@@3QBQB_WB 1000f238     libucrt:mbctype.obj
 0002:00001278       ?module_names@?A0x391cf84c@@3QBQB_WB 1000f278     libucrt:winapi_thunks.obj
 0002:00001798       ?candidate_modules@?1??try_get_AreFileApisANSI@@YAP6GHXZXZ@4QBW4module_id@?A0x391cf84c@@B 1000f798     libucrt:winapi_thunks.obj
 0002:000017ac       ?candidate_modules@?1??try_get_FlsAlloc@@YAP6GKP6GXPAX@Z@ZXZ@4QBW4module_id@?A0x391cf84c@@B 1000f7ac     libucrt:winapi_thunks.obj
 0002:000017c0       ?candidate_modules@?1??try_get_FlsFree@@YAP6GHK@ZXZ@4QBW4module_id@?A0x391cf84c@@B 1000f7c0     libucrt:winapi_thunks.obj
 0002:000017d0       ?candidate_modules@?1??try_get_FlsGetValue@@YAP6GPAXK@ZXZ@4QBW4module_id@?A0x391cf84c@@B 1000f7d0     libucrt:winapi_thunks.obj
 0002:000017e4       ?candidate_modules@?1??try_get_FlsSetValue@@YAP6GHKPAX@ZXZ@4QBW4module_id@?A0x391cf84c@@B 1000f7e4     libucrt:winapi_thunks.obj
 0002:000017f8       ?candidate_modules@?1??try_get_InitializeCriticalSectionEx@@YAP6GHPAU_RTL_CRITICAL_SECTION@@KK@ZXZ@4QBW4module_id@?A0x391cf84c@@B 1000f7f8     libucrt:winapi_thunks.obj
 0002:0000181c       ?candidate_modules@?1??try_get_LCMapStringEx@@YAP6GHPB_WK0HPA_WHPAU_nlsversioninfo@@PAXJ@ZXZ@4QBW4module_id@?A0x391cf84c@@B 1000f81c     libucrt:winapi_thunks.obj
 0002:00001834       ?candidate_modules@?1??try_get_LocaleNameToLCID@@YAP6GKPB_WK@ZXZ@4QBW4module_id@?A0x391cf84c@@B 1000f834     libucrt:winapi_thunks.obj
 0002:00001850       ?candidate_modules@?1??try_get_AppPolicyGetProcessTerminationMethod@@YAP6GJPAXPAW4AppPolicyProcessTerminationMethod@@@ZXZ@4QBW4module_id@?A0x391cf84c@@B 1000f850     libucrt:winapi_thunks.obj
 0002:00001e88       ?LcidToLocaleNameTable@?A0x881e4c05@@3QBULcidToLocaleName@1@B 1000fe88     libucrt:lcidtoname_downlevel.obj
 0002:00002fa8       ?LocaleNameToIndexTable@?A0x881e4c05@@3QBULocaleNameIndex@1@B 10010fa8     libucrt:lcidtoname_downlevel.obj
 0002:00003f00       LOG_name                   10011f00     libucrt:log10_impl.obj
 0002:00003f10       _One                       10011f10     libucrt:ceil_pentium4.obj
 0002:00003f20       _Bns                       10011f20     libucrt:ceil_pentium4.obj
 0002:00003f30       _Zero                      10011f30     libucrt:ceil_pentium4.obj
 0002:00003f40       _S                         10011f40     libucrt:ceil_pentium4.obj
 0002:00003f50       _NegZero                   10011f50     libucrt:ceil_pentium4.obj
 0002:00003f70       emask                      10011f70     libucrt:log10_pentium4.obj
 0002:00003f80       CC                         10011f80     libucrt:log10_pentium4.obj
 0002:00003f90       Magic                      10011f90     libucrt:log10_pentium4.obj
 0002:00003fa0       hi_mask                    10011fa0     libucrt:log10_pentium4.obj
 0002:00003fb0       LOG10_2                    10011fb0     libucrt:log10_pentium4.obj
 0002:00003fc0       place_L                    10011fc0     libucrt:log10_pentium4.obj
 0002:00003fe0       One                        10011fe0     libucrt:log10_pentium4.obj
 0002:00003ff0       Zero                       10011ff0     libucrt:log10_pentium4.obj
 0002:00004000       Two52                      10012000     libucrt:log10_pentium4.obj
 0002:00004010       Infs                       10012010     libucrt:log10_pentium4.obj
 0002:00004020       NaN                        10012020     libucrt:log10_pentium4.obj
 0002:00004030       coeff                      10012030     libucrt:log10_pentium4.obj
 0002:0000408e       _log2max                   1001208e     libucrt:87tran.obj
 0002:00004098       _smallarg                  10012098     libucrt:87tran.obj
 0002:000040a2       _half                      100120a2     libucrt:87tran.obj
 0002:000040ee       One                        100120ee     libucrt:87disp.obj
 0002:000040f6       Three                      100120f6     libucrt:87disp.obj
 0002:000040fe       XAMtoTagTab                100120fe     libucrt:87disp.obj
 0002:00004110       One                        10012110     libucrt:common.obj
 0002:00004124       DblMax                     10012124     libucrt:common.obj
 0002:0000412c       DblMin                     1001212c     libucrt:common.obj
 0002:00004134       IeeeAdjO                   10012134     libucrt:common.obj
 0002:0000413c       IeeeAdjU                   1001213c     libucrt:common.obj
 0002:00004144       _infinity                  10012144     libucrt:common.obj
 0002:0000414c       _zero                      1001214c     libucrt:common.obj
 0002:00004188       _over                      10012188     libucrt:fpctrl.obj
 0002:00004194       _under                     10012194     libucrt:fpctrl.obj
 0002:000049c8       ?_names@?1??_get_fname@@9@9 100129c8     libucrt:fpexcept.obj
 0002:000053f0       __sehtable$___scrt_is_nonwritable_in_current_image 100133f0     LIBCMT:utility.obj
 0002:00005410       __sehtable$?dllmain_crt_process_attach@@YAHQAUHINSTANCE__@@QAX@Z 10013410     LIBCMT:dll_dllmain.obj
 0002:00005430       __sehtable$?dllmain_crt_process_detach@@YAH_N@Z 10013430     LIBCMT:dll_dllmain.obj
 0002:00005450       __sehtable$?dllmain_dispatch@@YAHQAUHINSTANCE__@@KQAX@Z 10013450     LIBCMT:dll_dllmain.obj
 0002:000054a8       __sehtable$___DestructExceptionObject 100134a8     libvcruntime:ehhelpers.obj
 0002:000054c8       __sehtable$__query_new_handler 100134c8     libucrt:new_handler.obj
 0002:000054e8       __sehtable$??R<lambda_6e4b09c48022b2350581041d5f6b0c4c>@@QBE@XZ 100134e8     libucrt:exit.obj
 0002:00005508       __sehtable$??$?RV<lambda_03b1d95aef87969028cfba75ccab2455>@@AAV<lambda_6e4b09c48022b2350581041d5f6b0c4c>@@V<lambda_22bdf7517842c4b3e53723af5aa32b9e>@@@?$__crt_seh_guarded_call@X@@QAEX$$QAV<lambda_03b1d95aef87969028cfba75ccab2455>@@AAV<lambda_6e4b09c48022b2350581041d5f6b0c4c>@@$$QAV<lambda_22bdf7517842c4b3e53723af5aa32b9e>@@@Z 10013508     libucrt:exit.obj
 0002:00005528       __sehtable$??$?RV<lambda_8e746cf0007f6ed984d6f78af1fec997>@@AAV<lambda_22ebabd17bc4fa466a2aca6d8deb888d>@@V<lambda_18ed0c0b38a6dc0daf1e7ac6d6adf05e>@@@?$__crt_seh_guarded_call@H@@QAEH$$QAV<lambda_8e746cf0007f6ed984d6f78af1fec997>@@AAV<lambda_22ebabd17bc4fa466a2aca6d8deb888d>@@$$QAV<lambda_18ed0c0b38a6dc0daf1e7ac6d6adf05e>@@@Z 10013528     libucrt:onexit.obj
 0002:00005548       __sehtable$??$?RV<lambda_69a2805e680e0e292e8ba93315fe43a8>@@AAV<lambda_f03950bc5685219e0bcd2087efbe011e>@@V<lambda_03fcd07e894ec930e3f35da366ca99d6>@@@?$__crt_seh_guarded_call@H@@QAEH$$QAV<lambda_69a2805e680e0e292e8ba93315fe43a8>@@AAV<lambda_f03950bc5685219e0bcd2087efbe011e>@@$$QAV<lambda_03fcd07e894ec930e3f35da366ca99d6>@@@Z 10013548     libucrt:onexit.obj
 0002:00005568       __sehtable$_terminate      10013568     libucrt:terminate.obj
 0002:00005588       __sehtable$??$?RV<lambda_15ade71b0218206bbe3333a0c9b79046>@@AAV<lambda_da44e0f8b0f19ba52fefafb335991732>@@V<lambda_207f2d024fc103971653565357d6cd41>@@@?$__crt_seh_guarded_call@X@@QAEX$$QAV<lambda_15ade71b0218206bbe3333a0c9b79046>@@AAV<lambda_da44e0f8b0f19ba52fefafb335991732>@@$$QAV<lambda_207f2d024fc103971653565357d6cd41>@@@Z 10013588     libucrt:per_thread_data.obj
 0002:000055a8       __sehtable$??$?RV<lambda_a7e850c220f1c8d1e6efeecdedd162c6>@@AAV<lambda_46720907175c18b6c9d2717bc0d2d362>@@V<lambda_9048902d66e8d99359bc9897bbb930a8>@@@?$__crt_seh_guarded_call@X@@QAEX$$QAV<lambda_a7e850c220f1c8d1e6efeecdedd162c6>@@AAV<lambda_46720907175c18b6c9d2717bc0d2d362>@@$$QAV<lambda_9048902d66e8d99359bc9897bbb930a8>@@@Z 100135a8     libucrt:per_thread_data.obj
 0002:000055c8       __sehtable$??$?RV<lambda_38edbb1296d33220d7e4dd0ed76b244a>@@AAV<lambda_5ce1d447e08cb34b2473517608e21441>@@V<lambda_fb385d3da700c9147fc39e65dd577a8c>@@@?$__crt_seh_guarded_call@X@@QAEX$$QAV<lambda_38edbb1296d33220d7e4dd0ed76b244a>@@AAV<lambda_5ce1d447e08cb34b2473517608e21441>@@$$QAV<lambda_fb385d3da700c9147fc39e65dd577a8c>@@@Z 100135c8     libucrt:per_thread_data.obj
 0002:000055e8       __sehtable$??$?RV<lambda_6affb1475c98b40b75cdec977db92e3c>@@AAV<lambda_b8d4b9c228a6ecc3f80208dbb4b4a104>@@V<lambda_608742c3c92a14382c1684fc64f96c88>@@@?$__crt_seh_guarded_call@X@@QAEX$$QAV<lambda_6affb1475c98b40b75cdec977db92e3c>@@AAV<lambda_b8d4b9c228a6ecc3f80208dbb4b4a104>@@$$QAV<lambda_608742c3c92a14382c1684fc64f96c88>@@@Z 100135e8     libucrt:per_thread_data.obj
 0002:00005608       __sehtable$??$?RV<lambda_e5124f882df8998aaf41531e079ba474>@@AAV<lambda_3e16ef9562a7dcce91392c22ab16ea36>@@V<lambda_e25ca0880e6ef98be67edffd8c599615>@@@?$__crt_seh_guarded_call@X@@QAEX$$QAV<lambda_e5124f882df8998aaf41531e079ba474>@@AAV<lambda_3e16ef9562a7dcce91392c22ab16ea36>@@$$QAV<lambda_e25ca0880e6ef98be67edffd8c599615>@@@Z 10013608     libucrt:wsetlocale.obj
 0002:00005628       __sehtable$?update_thread_multibyte_data_internal@@YAPAU__crt_multibyte_data@@QAU__acrt_ptd@@QAPAU1@@Z 10013628     libucrt:mbctype.obj
 0002:00005648       __sehtable$??$?RV<lambda_ceb1ee4838e85a9d631eb091e2fbe199>@@AAV<lambda_ae742caa10f662c28703da3d2ea5e57e>@@V<lambda_cd08b5d6af4937fe54fc07d0c9bf6b37>@@@?$__crt_seh_guarded_call@X@@QAEX$$QAV<lambda_ceb1ee4838e85a9d631eb091e2fbe199>@@AAV<lambda_ae742caa10f662c28703da3d2ea5e57e>@@$$QAV<lambda_cd08b5d6af4937fe54fc07d0c9bf6b37>@@@Z 10013648     libucrt:mbctype.obj
 0002:00005668       __sehtable$___acrt_initialize_lowio 10013668     libucrt:ioinit.obj
 0002:00005688       __sehtable$_raise          10013688     libucrt:signal.obj
 0002:000056a8       __sehtable$??$?RV<lambda_cbab9ec6f41b0180b23cc171c22676b0>@@AAV<lambda_44731a7d0e6d81c3e6aa82d741081786>@@V<lambda_4b292cb8dd18144e164572427af410ab>@@@?$__crt_seh_guarded_call@P6AXH@Z@@QAEP6AXH@Z$$QAV<lambda_cbab9ec6f41b0180b23cc171c22676b0>@@AAV<lambda_44731a7d0e6d81c3e6aa82d741081786>@@$$QAV<lambda_4b292cb8dd18144e164572427af410ab>@@@Z 100136a8     libucrt:signal.obj
 0002:000056c8       __sehtable$??$?RV<lambda_2866be3712abc81a800a822484c830d8>@@AAV<lambda_39ca0ed439415581b5b15c265174cece>@@V<lambda_2b24c74d71094a6cd0cb82e44167d71b>@@@?$__crt_seh_guarded_call@X@@QAEX$$QAV<lambda_2866be3712abc81a800a822484c830d8>@@AAV<lambda_39ca0ed439415581b5b15c265174cece>@@$$QAV<lambda_2b24c74d71094a6cd0cb82e44167d71b>@@@Z 100136c8     libucrt:fflush.obj
 0002:000056e8       __sehtable$??$?RV<lambda_2cc53f568c5a2bb6f192f930a45d44ea>@@AAV<lambda_ab61a845afdef5b7c387490eaf3616ee>@@V<lambda_c2ffc0b7726aa6be21d5f0026187e748>@@@?$__crt_seh_guarded_call@X@@QAEX$$QAV<lambda_2cc53f568c5a2bb6f192f930a45d44ea>@@AAV<lambda_ab61a845afdef5b7c387490eaf3616ee>@@$$QAV<lambda_c2ffc0b7726aa6be21d5f0026187e748>@@@Z 100136e8     libucrt:fflush.obj
 0002:00005708       __sehtable$___acrt_update_thread_locale_data 10013708     libucrt:locale_refcounting.obj
 0002:00005728       __sehtable$___acrt_lowio_ensure_fh_exists 10013728     libucrt:osfinfo.obj
 0002:00005748       __sehtable$??$?RV<lambda_9e9de3de5fa147e2223d7db92bc10aa6>@@AAV<lambda_38ce7e780aa69e748d6df282ebc68efe>@@V<lambda_8ca6da459f0f6780f1cff60fdc3d00e5>@@@?$__crt_seh_guarded_call@H@@QAEH$$QAV<lambda_9e9de3de5fa147e2223d7db92bc10aa6>@@AAV<lambda_38ce7e780aa69e748d6df282ebc68efe>@@$$QAV<lambda_8ca6da459f0f6780f1cff60fdc3d00e5>@@@Z 10013748     libucrt:commit.obj
 0002:00005768       __sehtable$__write         10013768     libucrt:write.obj
 0002:00005788       __sehtable$__fcloseall     10013788     libucrt:closeall.obj
 0002:000057a8       __sehtable$_fclose         100137a8     libucrt:fclose.obj
 0002:000057c8       __sehtable$??$?RV<lambda_218ce3db14220d0be481dae8ef3383b6>@@AAV<lambda_628dfdc04ba53c8bfc02c9951375f3f5>@@V<lambda_57dc472bd5c9d5f3b2cbca59b8a843ae>@@@?$__crt_seh_guarded_call@H@@QAEH$$QAV<lambda_218ce3db14220d0be481dae8ef3383b6>@@AAV<lambda_628dfdc04ba53c8bfc02c9951375f3f5>@@$$QAV<lambda_57dc472bd5c9d5f3b2cbca59b8a843ae>@@@Z 100137c8     libucrt:close.obj
 0002:000057e8       __sehtable$__IsNonwritableInCurrentImage 100137e8     LIBCMT:pesect.obj
 0002:00005b90       .edata                     10013b90     testaddon.exp
 0002:00005bb8       rgpv                       10013bb8     testaddon.exp
 0002:00005bbc       rgszName                   10013bbc     testaddon.exp
 0002:00005bc0       rgwOrd                     10013bc0     testaddon.exp
 0002:00005bc2       szName                     10013bc2     testaddon.exp
 0002:00005bd1       $N00001                    10013bd1     testaddon.exp
 0002:00005d3c       .idata$6                   10013d3c     kernel32:KERNEL32.dll
 0003:00000010       ?__vcrt_flsindex@@3KA      10015010     libvcruntime:per_thread_data.obj
 0003:00000040       ?__acrt_flsindex@@3KA      10015040     libucrt:per_thread_data.obj
 0003:00000044       ?errno_no_memory@@3HA      10015044     libucrt:errno.obj
 0003:00000048       ?doserrno_no_memory@@3KA   10015048     libucrt:errno.obj
 0003:00000338       __mbctypes                 10015338     libucrt:mbctype.obj
 0003:00000440       __mbcasemaps               10015440     libucrt:mbctype.obj
 0003:00000540       ?__rgctypeflag@@3PADA      10015540     libucrt:mbctype.obj
 0003:00000548       ?__rgcode_page_info@@3PAUcode_page_info@@A 10015548     libucrt:mbctype.obj
 0003:00000840       ?__dcrt_lowio_console_output_handle@@3PAXA 10015840     libucrt:initcon.obj
 0003:00000860       __module                   10015860     main.obj
 0003:0000097c       ?is_initialized_as_dll@@3_NA 1001597c     LIBCMT:utility.obj
 0003:0000097d       ?module_local_atexit_table_initialized@@3_NA 1001597d     LIBCMT:utility.obj
 0003:00000980       ?module_local_atexit_table@@3U_onexit_table_t@@A 10015980     LIBCMT:utility.obj
 0003:0000098c       ?module_local_at_quick_exit_table@@3U_onexit_table_t@@A 1001598c     LIBCMT:utility.obj
 0003:00000998       ?__proc_attached@@3HA      10015998     LIBCMT:dll_dllmain.obj
 0003:000009a0       _GS_ExceptionRecord        100159a0     LIBCMT:gs_report.obj
 0003:000009f0       _GS_ContextRecord          100159f0     LIBCMT:gs_report.obj
 0003:00000ce0       ?__vcrt_startup_thread_ptd@@3U__vcrt_ptd@@A 10015ce0     libvcruntime:per_thread_data.obj
 0003:00000d08       ___vcrt_lock_table         10015d08     libvcruntime:locks.obj
 0003:00000d20       ___vcrt_locks_initialized  10015d20     libvcruntime:locks.obj
 0003:00000d24       ?module_handles@@3PAPAUHINSTANCE__@@A 10015d24     libvcruntime:winapi_downlevel.obj
 0003:00000d30       ?encoded_function_pointers@@3PAPAXA 10015d30     libvcruntime:winapi_downlevel.obj
 0003:00000d70       ?heap@@3V_HeapManager@@A   10015d70     libvcruntime:undname.obj
 0003:00000d88       ?__acrt_invalid_parameter_handler@@3V?$dual_state_global@P6AXPB_W00II@Z@__crt_state_management@@A 10015d88     libucrt:invalid_parameter.obj
 0003:00000d8c       ?__acrt_new_handler@@3V?$dual_state_global@P6AHI@Z@__crt_state_management@@A 10015d8c     libucrt:new_handler.obj
 0003:00000d90       ?c_termination_complete@@3JA 10015d90     libucrt:exit.obj
 0003:00000d94       ?thread_local_exit_callback_func@@3P6GXPAXK0@ZA 10015d94     libucrt:exit.obj
 0003:00000da0       ?program_name@?1???$common_configure_argv@D@@YAHW4_crt_argv_mode@@@Z@4PADA 10015da0     libucrt:argv_parsing.obj
 0003:00000ed8       ?__acrt_lock_table@@3PAU_RTL_CRITICAL_SECTION@@A 10015ed8     libucrt:locks.obj
 0003:00001028       ?__acrt_locks_initialized@@3IA 10016028     libucrt:locks.obj
 0003:00001038       ?fSystemSet@@3HA           10016038     libucrt:mbctype.obj
 0003:0000103c       ?initialized@?1??__acrt_initialize_multibyte@@9@4_NA 1001603c     libucrt:mbctype.obj
 0003:00001260       ?module_handles@@3PAPAUHINSTANCE__@@A 10016260     libucrt:winapi_thunks.obj
 0003:000012b0       ?encoded_function_pointers@@3PAPAXA 100162b0     libucrt:winapi_thunks.obj
 0003:0000133c       ?ctrlc_action@@3V?$dual_state_global@P6AXH@Z@__crt_state_management@@A 1001633c     libucrt:signal.obj
 0003:00001340       ?ctrlbreak_action@@3V?$dual_state_global@P6AXH@Z@__crt_state_management@@A 10016340     libucrt:signal.obj
 0003:00001344       ?abort_action@@3V?$dual_state_global@P6AXH@Z@__crt_state_management@@A 10016344     libucrt:signal.obj
 0003:00001348       ?term_action@@3V?$dual_state_global@P6AXH@Z@__crt_state_management@@A 10016348     libucrt:signal.obj
 0003:0000134c       ?user_matherr@@3V?$dual_state_global@P6AHPAU_exception@@@Z@__crt_state_management@@A 1001634c     libucrt:matherr.obj
 0003:00001360       ?internal_state@?1??_mbtowc_l@@9@4U_Mbstatet@@A 10016360     libucrt:mbtowc.obj
 0003:00001370       ?__acrt_global_new_mode@@3V?$dual_state_global@J@__crt_state_management@@A 10016370     libucrt:new_mode.obj
 0003:00001374       ?__acrt_app_type@@3W4_crt_app_type@@A 10016374     libucrt:report_runtime_error.obj
 0003:00001378       ?internal_pst@?1??__mbrtoc32_utf8@__crt_mbstring@@YAIPA_UPBDIPAU_Mbstatet@@@Z@4U3@A 10016378     libucrt:mbrtoc32.obj
 0003:00001384       __pmatherr_set             10016384     libucrt:libm_error.obj
 0004:00000060       $R000000                   10017060     * linker generated manifest res *

 Exports

  ordinal    name

        1    __register_testaddon_
               exported name: _register_testaddon_
